37.73.222.247 - - [07/Dec/2016:21:09:22 +0200] "GET /im_diz/logo1.jpg HTTP/1.0" 200 251 "http://www.centre-kiev.kiev.ua/kontakt/kontakt.html" "Mozilla/5.0 (Macintosh; Intel Mac OS X 10_11_6) AppleWebKit/601.7.8 (KHTML, like Gecko) Version/9.1.3 Safari/601.7.8"
37.73.222.247 - - [07/Dec/2016:21:09:22 +0200] "GET //files/vk.png HTTP/1.0" 200 246 "http://www.centre-kiev.kiev.ua/kontakt/kontakt.html" "Mozilla/5.0 (Macintosh; Intel Mac OS X 10_11_6) AppleWebKit/601.7.8 (KHTML, like Gecko) Version/9.1.3 Safari/601.7.8"
37.73.222.247 - - [07/Dec/2016:21:09:22 +0200] "GET /baner/sta_new_small.jpg HTTP/1.0" 200 258 "http://www.centre-kiev.kiev.ua/kontakt/kontakt.html" "Mozilla/5.0 (Macintosh; Intel Mac OS X 10_11_6) AppleWebKit/601.7.8 (KHTML, like Gecko) Version/9.1.3 Safari/601.7.8"
37.73.222.247 - - [07/Dec/2016:21:09:23 +0200] "GET /baner/logo_cpn.png HTTP/1.0" 200 252 "http://www.centre-kiev.kiev.ua/kontakt/kontakt.html" "Mozilla/5.0 (Macintosh; Intel Mac OS X 10_11_6) AppleWebKit/601.7.8 (KHTML, like Gecko) Version/9.1.3 Safari/601.7.8"
37.73.222.247 - - [07/Dec/2016:21:09:23 +0200] "GET /baner/visnuk.gif HTTP/1.0" 200 250 "http://www.centre-kiev.kiev.ua/kontakt/kontakt.html" "Mozilla/5.0 (Macintosh; Intel Mac OS X 10_11_6) AppleWebKit/601.7.8 (KHTML, like Gecko) Version/9.1.3 Safari/601.7.8"
37.73.222.247 - - [07/Dec/2016:21:09:23 +0200] "GET /baner/bann_kozyn_new.png HTTP/1.0" 200 258 "http://www.centre-kiev.kiev.ua/kontakt/kontakt.html" "Mozilla/5.0 (Macintosh; Intel Mac OS X 10_11_6) AppleWebKit/601.7.8 (KHTML, like Gecko) Version/9.1.3 Safari/601.7.8"
37.73.222.247 - - [07/Dec/2016:21:09:26 +0200] "GET /favicon.ico HTTP/1.0" 200 1233 "http://www.centre-kiev.kiev.ua/kontakt/kontakt.html" "Mozilla/5.0 (Macintosh; Intel Mac OS X 10_11_6) AppleWebKit/601.7.8 (KHTML, like Gecko) Version/9.1.3 Safari/601.7.8"
188.163.22.86 - - [07/Dec/2016:21:24:09 +0200] "GET /bib/files/nmm/MB16.pdf HTTP/1.0" 200 262 "https://www.google.com.ua/" "Mozilla/5.0 (Windows NT 6.3; WOW64) AppleWebKit/537.36 (KHTML, like Gecko) Chrome/54.0.2840.99 Safari/537.36 OPR/41.0.2353.69"
188.163.22.86 - - [07/Dec/2016:21:24:14 +0200] "GET /bib/files/nmm/MB16.pdf HTTP/1.0" 200 262 "http://www.centre-kiev.kiev.ua/bib/files/nmm/MB16.pdf" "Mozilla/5.0 (Windows NT 6.3; WOW64) AppleWebKit/537.36 (KHTML, like Gecko) Chrome/54.0.2840.99 Safari/537.36 OPR/41.0.2353.69"
66.249.76.25 - - [07/Dec/2016:21:24:19 +0200] "GET /bib/files/6/6_17.doc HTTP/1.0" 200 263 "-" "Googlebot/2.1 (+http://www.google.com/bot.html)"
94.178.0.133 - - [07/Dec/2016:21:36:31 +0200] "GET /bib/files/nmm/12.pdf HTTP/1.0" 200 260 "-" "Mozilla/5.0 (Windows NT 6.1) AppleWebKit/537.36 (KHTML, like Gecko) Chrome/54.0.2840.99 Safari/537.36"
94.178.0.133 - - [07/Dec/2016:21:36:31 +0200] "GET /bib/files/nmm/SPP16.pdf HTTP/1.0" 200 263 "-" "Mozilla/5.0 (Windows NT 6.1) AppleWebKit/537.36 (KHTML, like Gecko) Chrome/54.0.2840.99 Safari/537.36"
194.110.6.9 - - [07/Dec/2016:21:45:50 +0200] "GET /bib/files/nmm/KO16.pdf HTTP/1.0" 200 262 "https://www.google.ru/" "Mozilla/5.0 (Windows NT 10.0; WOW64) AppleWebKit/537.36 (KHTML, like Gecko) Chrome/54.0.2840.99 Safari/537.36 OPR/41.0.2353.69"
194.110.6.9 - - [07/Dec/2016:21:45:50 +0200] "GET /favicon.ico HTTP/1.0" 200 1233 "http://www.centre-kiev.kiev.ua/bib/files/nmm/KO16.pdf" "Mozilla/5.0 (Windows NT 10.0; WOW64) AppleWebKit/537.36 (KHTML, like Gecko) Chrome/54.0.2840.99 Safari/537.36 OPR/41.0.2353.69"
66.249.66.55 - - [07/Dec/2016:21:46:44 +0200] "GET /mz/kaf_du.html HTTP/1.0" 200 316 "-" "Mozilla/5.0 (compatible; Googlebot/2.1; +http://www.google.com/bot.html)"
194.44.12.11 - - [07/Dec/2016:22:02:28 +0200] "GET /mz/img/04.jpg HTTP/1.0" 200 248 "-" "Mozilla/4.0 (compatible;)"
109.87.239.183 - - [07/Dec/2016:22:02:53 +0200] "GET /bib/files/nmm/UM16.pdf HTTP/1.0" 200 262 "https://www.google.com.ua/" "Mozilla/5.0 (Windows NT 6.1; Win64; x64) AppleWebKit/537.36 (KHTML, like Gecko) Chrome/54.0.2840.99 Safari/537.36"
109.87.239.183 - - [07/Dec/2016:22:02:53 +0200] "GET /favicon.ico HTTP/1.0" 200 1233 "http://www.centre-kiev.kiev.ua/bib/files/nmm/UM16.pdf" "Mozilla/5.0 (Windows NT 6.1; Win64; x64) AppleWebKit/537.36 (KHTML, like Gecko) Chrome/54.0.2840.99 Safari/537.36"
77.120.172.2 - - [07/Dec/2016:22:04:40 +0200] "GET /bib/files/nmm/1.pdf HTTP/1.0" 200 259 "http://yandex.ua/clck/jsredir?from=yandex.ua%3Bsearch%2F%3Bweb%3B%3B&text=&etext=1263.NXfFwyid6fVzDPl8SqXjxOvA04NPflKrF09KlU6rC1SDptd5oXwf_7Sf1R3u44SBjn5wUoi7S99KCeRKyirzZqzexeW5hoDR4dO3d6Fpeio54TwtWm45xCvBZG6K6rDneHPcbpAdaYor8_PsKdk6PQ.7fc8209f33b03db73fab4e9bc84fe6aa8c6980f7&uuid=&state=PEtFfuTeVD5kpHnK9lio9T6U0-imFY5IshtIYWJN7W-V64A9Yd8Kv5jpd809qKR65jgw7rpl_I720CGkYA0p680v8sviIByE7D2Ic4AdtieZsYio9J6EnQ&data=UlNrNmk5WktYejR0eWJFYk1LdmtxbjI0SHcxc2ZLc0lldkhZTThRZExHV01QdTJMSEVVa192N2Q2cTdMSXdOTzNGNlpxaGE2U29LRG5PTXM0aUhmekhwT09UZDhnSHhwVmRfbWFiRGxZZV9DLTRDNFFPWklvY1RMa3VHeHhsam5pWkhJdGg2MzVKV1hYTThWVHE5b3VB&b64e=2&sign=98979977bce6845240e8360ff809a6c2&keyno=0&cst=AiuY0DBWFJ5Hyx_fyvalFKu6yHFfcQIpQoOnXiDRQiORpeM1CdhRCgwijbgZHNS0hNaiPJx4wTlG2Zh-gxAxt7azpQPaCl-_abK34yumzfLIIBsosPSAljKnpAqTfjECKmgKo-HFBW--kzS2WmEBgCEF9qOSi7dHjvVZV_RhypdVxhng0xGCBIx6o_tk8sIjWx-9owpORo0s8qvCTf6Gni-mxiIhmSXU8jpWXCLQuPIva2tlc81R43OJokoaSzVdtyBE1bT5X67qWu_MNkVC0zCWqNpRP7zrAJ8OmBE7Pg7ZN8xt2Kr4k_U48-nTu4sJ&ref=orjY4mGPRjmt1xzYuZsDZSKx6sHOF1RVZSJD_4aLy6BuI3rHO7tenxHNYQT-i-Z3Bl91ktW9vw92NCaSdWo790LIUXfTtVvmfgfHSD-MaKVqTmsVAIiesZJUHzL8GogcEbN5hmfN2Xg9Ov2iDcA5ajs1XDmGeDODBhu4XmPO0UagzNG_shNsx9rtJdR1dzWgkh4GtQ7_PTpglVAS3rSxPBfKna_XAUdRRRq4Ayqu3HF3btXKuw8S4hFXsi7FPye8wztc2uPNfhRQ-Y0_p1AhX4PRnCZjAaIzG1UmUa9so4rNoTRGGhUHY_GAzyGA1DrZKZzmtFPhcAYAs4sLJxa9fy8w_HmHDOtqUyWFHzDvs8Gze_bcz2PoHnM-NmKbnICQ5P7xKOoWWXuEjIC9JWI6a9qrWug0g6G2xlVqZDa4P8J7HAM5zG53pVzDhTMc_ZGQTU_8nyWN-oA&l10n=ru&cts=1481141081908&mc=3.169925001442312" "Mozilla/5.0 (Windows NT 10.0; WOW64; Trident/7.0; rv:11.0) like Gecko"
188.191.236.238 - - [07/Dec/2016:22:11:50 +0200] "GET /bib/img/06.png HTTP/1.0" 200 248 "-" "Mozilla/5.0 (Linux; Android 5.1.1; CHM-U01 Build/HonorCHM-U01) AppleWebKit/537.36 (KHTML, like Gecko) Chrome/42.0.2311.152 YaBrowser/15.6.2311.6088.00 Mobile Safari/537.36"
157.55.39.42 - - [07/Dec/2016:22:14:44 +0200] "GET /files/Shan_sluh/mrr.pdf HTTP/1.0" 200 263 "-" "Mozilla/5.0 (iPhone; CPU iPhone OS 7_0 like Mac OS X) AppleWebKit/537.51.1 (KHTML, like Gecko) Version/7.0 Mobile/11A465 Safari/9537.53 (compatible; bingbot/2.0; +http://www.bing.com/bingbot.htm)"
178.136.203.32 - - [07/Dec/2016:22:20:34 +0200] "GET /kontakt/kontakt.html HTTP/1.0" 200 322 "http://www.google.com.ua/search?client=ms-android-samsung&site=webhp&ei=31ZIWNGJDIedsAG__obAAg&q=%D1%88%D0%B5%D0%BF%D0%B5%D0%BB%D0%B5%D0%B2%D0%B0+3%D0%B0&oq=%D1%88%D0%B5%D0%BF%D0%B5%D0%BB%D0%B5%D0%B2%D0%B0&gs_l=mobile-gws-serp.1.0.41j0l4.1807.37510.0.38553.14.10.0.2.2.0.334.1430.0j6j1j1.8.0....0...1c.1.64.mobile-gws-serp..5.9.1130.3..0i67k1j0i131k1.eMT7Az0AH58" "Mozilla/5.0 (Linux; Android 5.0.2; SAMSUNG SM-A300H Build/LRX22G) AppleWebKit/537.36 (KHTML, like Gecko) SamsungBrowser/3.3 Chrome/38.0.2125.102 Mobile Safari/537.36"
178.136.203.32 - - [07/Dec/2016:22:20:34 +0200] "GET /menu.css HTTP/1.0" 200 309 "http://www.centre-kiev.kiev.ua/kontakt/kontakt.html" "Mozilla/5.0 (Linux; Android 5.0.2; SAMSUNG SM-A300H Build/LRX22G) AppleWebKit/537.36 (KHTML, like Gecko) SamsungBrowser/3.3 Chrome/38.0.2125.102 Mobile Safari/537.36"
178.136.203.32 - - [07/Dec/2016:22:20:34 +0200] "GET /glav.css HTTP/1.0" 200 309 "http://www.centre-kiev.kiev.ua/kontakt/kontakt.html" "Mozilla/5.0 (Linux; Android 5.0.2; SAMSUNG SM-A300H Build/LRX22G) AppleWebKit/537.36 (KHTML, like Gecko) SamsungBrowser/3.3 Chrome/38.0.2125.102 Mobile Safari/537.36"
178.136.203.32 - - [07/Dec/2016:22:20:34 +0200] "GET /baner/sta_new_small.jpg HTTP/1.0" 200 258 "http://www.centre-kiev.kiev.ua/kontakt/kontakt.html" "Mozilla/5.0 (Linux; Android 5.0.2; SAMSUNG SM-A300H Build/LRX22G) AppleWebKit/537.36 (KHTML, like Gecko) SamsungBrowser/3.3 Chrome/38.0.2125.102 Mobile Safari/537.36"
178.136.203.32 - - [07/Dec/2016:22:20:34 +0200] "GET /baner/logo_cpn.png HTTP/1.0" 200 252 "http://www.centre-kiev.kiev.ua/kontakt/kontakt.html" "Mozilla/5.0 (Linux; Android 5.0.2; SAMSUNG SM-A300H Build/LRX22G) AppleWebKit/537.36 (KHTML, like Gecko) SamsungBrowser/3.3 Chrome/38.0.2125.102 Mobile Safari/537.36"
178.136.203.32 - - [07/Dec/2016:22:20:34 +0200] "GET /baner/bann_kozyn_new.png HTTP/1.0" 200 258 "http://www.centre-kiev.kiev.ua/kontakt/kontakt.html" "Mozilla/5.0 (Linux; Android 5.0.2; SAMSUNG SM-A300H Build/LRX22G) AppleWebKit/537.36 (KHTML, like Gecko) SamsungBrowser/3.3 Chrome/38.0.2125.102 Mobile Safari/537.36"
178.136.203.32 - - [07/Dec/2016:22:20:34 +0200] "GET /baner/visnuk.gif HTTP/1.0" 200 250 "http://www.centre-kiev.kiev.ua/kontakt/kontakt.html" "Mozilla/5.0 (Linux; Android 5.0.2; SAMSUNG SM-A300H Build/LRX22G) AppleWebKit/537.36 (KHTML, like Gecko) SamsungBrowser/3.3 Chrome/38.0.2125.102 Mobile Safari/537.36"
178.136.203.32 - - [07/Dec/2016:22:20:34 +0200] "GET /bib/img/01.png HTTP/1.0" 200 248 "http://www.centre-kiev.kiev.ua/kontakt/kontakt.html" "Mozilla/5.0 (Linux; Android 5.0.2; SAMSUNG SM-A300H Build/LRX22G) AppleWebKit/537.36 (KHTML, like Gecko) SamsungBrowser/3.3 Chrome/38.0.2125.102 Mobile Safari/537.36"
178.136.203.32 - - [07/Dec/2016:22:20:34 +0200] "GET //files/vk.png HTTP/1.0" 200 246 "http://www.centre-kiev.kiev.ua/kontakt/kontakt.html" "Mozilla/5.0 (Linux; Android 5.0.2; SAMSUNG SM-A300H Build/LRX22G) AppleWebKit/537.36 (KHTML, like Gecko) SamsungBrowser/3.3 Chrome/38.0.2125.102 Mobile Safari/537.36"
178.136.203.32 - - [07/Dec/2016:22:20:34 +0200] "GET /kontakt/css/menu.css HTTP/1.0" 404 871 "http://www.centre-kiev.kiev.ua/kontakt/kontakt.html" "Mozilla/5.0 (Linux; Android 5.0.2; SAMSUNG SM-A300H Build/LRX22G) AppleWebKit/537.36 (KHTML, like Gecko) SamsungBrowser/3.3 Chrome/38.0.2125.102 Mobile Safari/537.36"
178.136.203.32 - - [07/Dec/2016:22:20:34 +0200] "GET /kontakt/css/layout.css HTTP/1.0" 404 871 "http://www.centre-kiev.kiev.ua/kontakt/kontakt.html" "Mozilla/5.0 (Linux; Android 5.0.2; SAMSUNG SM-A300H Build/LRX22G) AppleWebKit/537.36 (KHTML, like Gecko) SamsungBrowser/3.3 Chrome/38.0.2125.102 Mobile Safari/537.36"
178.136.203.32 - - [07/Dec/2016:22:20:34 +0200] "GET /im_diz/logo1.jpg HTTP/1.0" 200 251 "http://www.centre-kiev.kiev.ua/kontakt/kontakt.html" "Mozilla/5.0 (Linux; Android 5.0.2; SAMSUNG SM-A300H Build/LRX22G) AppleWebKit/537.36 (KHTML, like Gecko) SamsungBrowser/3.3 Chrome/38.0.2125.102 Mobile Safari/537.36"
178.136.203.32 - - [07/Dec/2016:22:20:37 +0200] "GET /favicon.ico HTTP/1.0" 200 1233 "-" "Mozilla/5.0 (Linux; Android 5.0.2; SAMSUNG SM-A300H Build/LRX22G) AppleWebKit/537.36 (KHTML, like Gecko) SamsungBrowser/3.3 Chrome/38.0.2125.102 Mobile Safari/537.36"
178.136.203.32 - - [07/Dec/2016:22:20:41 +0200] "GET /kontakt/css/layout.css HTTP/1.0" 404 871 "http://www.centre-kiev.kiev.ua/kontakt/kontakt.html" "Mozilla/5.0 (Linux; Android 5.0.2; SAMSUNG SM-A300H Build/LRX22G) AppleWebKit/537.36 (KHTML, like Gecko) SamsungBrowser/3.3 Chrome/38.0.2125.102 Mobile Safari/537.36"
178.136.203.32 - - [07/Dec/2016:22:20:41 +0200] "GET /kontakt/css/menu.css HTTP/1.0" 404 871 "http://www.centre-kiev.kiev.ua/kontakt/kontakt.html" "Mozilla/5.0 (Linux; Android 5.0.2; SAMSUNG SM-A300H Build/LRX22G) AppleWebKit/537.36 (KHTML, like Gecko) SamsungBrowser/3.3 Chrome/38.0.2125.102 Mobile Safari/537.36"
109.206.177.104 - - [07/Dec/2016:22:21:53 +0200] "GET /bib/files/2/2_08.doc HTTP/1.0" 200 263 "-" "Mozilla/5.0 (Macintosh; Intel Mac OS X 10_11_5) AppleWebKit/601.6.17 (KHTML, like Gecko) Version/9.1.1 Safari/601.6.17"
178.136.203.32 - - [07/Dec/2016:22:22:13 +0200] "GET /kontakt/css/layout.css HTTP/1.0" 404 871 "http://www.centre-kiev.kiev.ua/kontakt/kontakt.html" "Mozilla/5.0 (Linux; Android 5.0.2; SAMSUNG SM-A300H Build/LRX22G) AppleWebKit/537.36 (KHTML, like Gecko) SamsungBrowser/3.3 Chrome/38.0.2125.102 Mobile Safari/537.36"
178.136.203.32 - - [07/Dec/2016:22:22:13 +0200] "GET /kontakt/css/menu.css HTTP/1.0" 404 871 "http://www.centre-kiev.kiev.ua/kontakt/kontakt.html" "Mozilla/5.0 (Linux; Android 5.0.2; SAMSUNG SM-A300H Build/LRX22G) AppleWebKit/537.36 (KHTML, like Gecko) SamsungBrowser/3.3 Chrome/38.0.2125.102 Mobile Safari/537.36"
178.136.203.32 - - [07/Dec/2016:22:22:22 +0200] "GET /kontakt/css/layout.css HTTP/1.0" 404 871 "http://www.centre-kiev.kiev.ua/kontakt/kontakt.html" "Mozilla/5.0 (Linux; Android 5.0.2; SAMSUNG SM-A300H Build/LRX22G) AppleWebKit/537.36 (KHTML, like Gecko) SamsungBrowser/3.3 Chrome/38.0.2125.102 Mobile Safari/537.36"
178.136.203.32 - - [07/Dec/2016:22:22:22 +0200] "GET /kontakt/css/menu.css HTTP/1.0" 404 871 "http://www.centre-kiev.kiev.ua/kontakt/kontakt.html" "Mozilla/5.0 (Linux; Android 5.0.2; SAMSUNG SM-A300H Build/LRX22G) AppleWebKit/537.36 (KHTML, like Gecko) SamsungBrowser/3.3 Chrome/38.0.2125.102 Mobile Safari/537.36"
178.136.203.32 - - [07/Dec/2016:22:22:30 +0200] "GET /index.html HTTP/1.0" 200 312 "http://www.centre-kiev.kiev.ua/kontakt/kontakt.html" "Mozilla/5.0 (Linux; Android 5.0.2; SAMSUNG SM-A300H Build/LRX22G) AppleWebKit/537.36 (KHTML, like Gecko) SamsungBrowser/3.3 Chrome/38.0.2125.102 Mobile Safari/537.36"
178.136.203.32 - - [07/Dec/2016:22:22:30 +0200] "GET /css/menu.css HTTP/1.0" 200 313 "http://www.centre-kiev.kiev.ua/index.html" "Mozilla/5.0 (Linux; Android 5.0.2; SAMSUNG SM-A300H Build/LRX22G) AppleWebKit/537.36 (KHTML, like Gecko) SamsungBrowser/3.3 Chrome/38.0.2125.102 Mobile Safari/537.36"
178.136.203.32 - - [07/Dec/2016:22:22:30 +0200] "GET /css/layout.css HTTP/1.0" 200 511 "http://www.centre-kiev.kiev.ua/index.html" "Mozilla/5.0 (Linux; Android 5.0.2; SAMSUNG SM-A300H Build/LRX22G) AppleWebKit/537.36 (KHTML, like Gecko) SamsungBrowser/3.3 Chrome/38.0.2125.102 Mobile Safari/537.36"
178.136.203.32 - - [07/Dec/2016:22:22:30 +0200] "GET /555.jpg HTTP/1.0" 200 242 "http://www.centre-kiev.kiev.ua/index.html" "Mozilla/5.0 (Linux; Android 5.0.2; SAMSUNG SM-A300H Build/LRX22G) AppleWebKit/537.36 (KHTML, like Gecko) SamsungBrowser/3.3 Chrome/38.0.2125.102 Mobile Safari/537.36"
178.136.203.32 - - [07/Dec/2016:22:22:40 +0200] "GET /kontakt/css/layout.css HTTP/1.0" 404 871 "http://www.centre-kiev.kiev.ua/kontakt/kontakt.html" "Mozilla/5.0 (Linux; Android 5.0.2; SAMSUNG SM-A300H Build/LRX22G) AppleWebKit/537.36 (KHTML, like Gecko) SamsungBrowser/3.3 Chrome/38.0.2125.102 Mobile Safari/537.36"
178.136.203.32 - - [07/Dec/2016:22:22:40 +0200] "GET /kontakt/css/menu.css HTTP/1.0" 404 871 "http://www.centre-kiev.kiev.ua/kontakt/kontakt.html" "Mozilla/5.0 (Linux; Android 5.0.2; SAMSUNG SM-A300H Build/LRX22G) AppleWebKit/537.36 (KHTML, like Gecko) SamsungBrowser/3.3 Chrome/38.0.2125.102 Mobile Safari/537.36"
66.249.66.135 - - [07/Dec/2016:22:34:16 +0200] "GET /apple-app-site-association HTTP/1.0" 404 1129 "-" "Mozilla/5.0 (compatible; Googlebot/2.1; +http://www.google.com/bot.html)"
157.55.39.42 - - [07/Dec/2016:22:41:20 +0200] "GET / HTTP/1.0" 200 312 "-" "Mozilla/5.0 (compatible; bingbot/2.0; +http://www.bing.com/bingbot.htm)"
66.249.76.23 - - [07/Dec/2016:22:45:25 +0200] "GET /bib/files/nmm/5.pdf HTTP/1.0" 200 259 "-" "Mozilla/5.0 (compatible; Googlebot/2.1; +http://www.google.com/bot.html)"
178.136.203.32 - - [07/Dec/2016:22:54:40 +0200] "GET /kontakt/css/menu.css HTTP/1.0" 404 871 "http://www.centre-kiev.kiev.ua/kontakt/kontakt.html" "Mozilla/5.0 (Linux; Android 5.0.2; SAMSUNG SM-A300H Build/LRX22G) AppleWebKit/537.36 (KHTML, like Gecko) SamsungBrowser/3.3 Chrome/38.0.2125.102 Mobile Safari/537.36"
178.136.203.32 - - [07/Dec/2016:22:54:40 +0200] "GET /kontakt/css/layout.css HTTP/1.0" 404 871 "http://www.centre-kiev.kiev.ua/kontakt/kontakt.html" "Mozilla/5.0 (Linux; Android 5.0.2; SAMSUNG SM-A300H Build/LRX22G) AppleWebKit/537.36 (KHTML, like Gecko) SamsungBrowser/3.3 Chrome/38.0.2125.102 Mobile Safari/537.36"
178.136.203.32 - - [07/Dec/2016:22:54:57 +0200] "GET /kontakt/css/layout.css HTTP/1.0" 404 871 "http://www.centre-kiev.kiev.ua/kontakt/kontakt.html" "Mozilla/5.0 (Linux; Android 5.0.2; SAMSUNG SM-A300H Build/LRX22G) AppleWebKit/537.36 (KHTML, like Gecko) SamsungBrowser/3.3 Chrome/38.0.2125.102 Mobile Safari/537.36"
178.136.203.32 - - [07/Dec/2016:22:54:57 +0200] "GET /kontakt/css/menu.css HTTP/1.0" 404 871 "http://www.centre-kiev.kiev.ua/kontakt/kontakt.html" "Mozilla/5.0 (Linux; Android 5.0.2; SAMSUNG SM-A300H Build/LRX22G) AppleWebKit/537.36 (KHTML, like Gecko) SamsungBrowser/3.3 Chrome/38.0.2125.102 Mobile Safari/537.36"
93.74.220.40 - - [07/Dec/2016:22:59:59 +0200] "GET /bib/files/nmm/3.pdf HTTP/1.0" 200 259 "https://www.google.com.ua/" "Mozilla/5.0 (Windows NT 6.1) AppleWebKit/537.36 (KHTML, like Gecko) Chrome/54.0.2840.99 Safari/537.36"
93.74.220.40 - - [07/Dec/2016:23:00:00 +0200] "GET /favicon.ico HTTP/1.0" 200 1233 "http://www.centre-kiev.kiev.ua/bib/files/nmm/3.pdf" "Mozilla/5.0 (Windows NT 6.1) AppleWebKit/537.36 (KHTML, like Gecko) Chrome/54.0.2840.99 Safari/537.36"
130.193.51.7 - - [07/Dec/2016:23:17:40 +0200] "GET /poclugi/foto/image013.jpg HTTP/1.0" 200 260 "-" "Mozilla/5.0 (compatible; YandexImages/3.0; +http://yandex.com/bots)"
91.242.57.142 - - [07/Dec/2016:23:20:26 +0200] "GET / HTTP/1.0" 200 312 "https://www.google.pl/" "Mozilla/5.0 (Windows NT 10.0; WOW64) AppleWebKit/537.36 (KHTML, like Gecko) Chrome/54.0.2840.99 Safari/537.36"
91.242.57.142 - - [07/Dec/2016:23:20:26 +0200] "GET /glav.css HTTP/1.0" 200 309 "http://www.centre-kiev.kiev.ua/" "Mozilla/5.0 (Windows NT 10.0; WOW64) AppleWebKit/537.36 (KHTML, like Gecko) Chrome/54.0.2840.99 Safari/537.36"
91.242.57.142 - - [07/Dec/2016:23:20:26 +0200] "GET /menu.css HTTP/1.0" 200 309 "http://www.centre-kiev.kiev.ua/" "Mozilla/5.0 (Windows NT 10.0; WOW64) AppleWebKit/537.36 (KHTML, like Gecko) Chrome/54.0.2840.99 Safari/537.36"
91.242.57.142 - - [07/Dec/2016:23:20:26 +0200] "GET /css/menu.css HTTP/1.0" 200 313 "http://www.centre-kiev.kiev.ua/" "Mozilla/5.0 (Windows NT 10.0; WOW64) AppleWebKit/537.36 (KHTML, like Gecko) Chrome/54.0.2840.99 Safari/537.36"
91.242.57.142 - - [07/Dec/2016:23:20:26 +0200] "GET /im_diz/logo1.jpg HTTP/1.0" 200 251 "http://www.centre-kiev.kiev.ua/" "Mozilla/5.0 (Windows NT 10.0; WOW64) AppleWebKit/537.36 (KHTML, like Gecko) Chrome/54.0.2840.99 Safari/537.36"
91.242.57.142 - - [07/Dec/2016:23:20:26 +0200] "GET /css/layout.css HTTP/1.0" 200 511 "http://www.centre-kiev.kiev.ua/" "Mozilla/5.0 (Windows NT 10.0; WOW64) AppleWebKit/537.36 (KHTML, like Gecko) Chrome/54.0.2840.99 Safari/537.36"
91.242.57.142 - - [07/Dec/2016:23:20:26 +0200] "GET /555.jpg HTTP/1.0" 200 242 "http://www.centre-kiev.kiev.ua/" "Mozilla/5.0 (Windows NT 10.0; WOW64) AppleWebKit/537.36 (KHTML, like Gecko) Chrome/54.0.2840.99 Safari/537.36"
91.242.57.142 - - [07/Dec/2016:23:20:26 +0200] "GET //files/vk.png HTTP/1.0" 200 246 "http://www.centre-kiev.kiev.ua/" "Mozilla/5.0 (Windows NT 10.0; WOW64) AppleWebKit/537.36 (KHTML, like Gecko) Chrome/54.0.2840.99 Safari/537.36"
91.242.57.142 - - [07/Dec/2016:23:20:26 +0200] "GET /bib/img/01.png HTTP/1.0" 200 248 "http://www.centre-kiev.kiev.ua/" "Mozilla/5.0 (Windows NT 10.0; WOW64) AppleWebKit/537.36 (KHTML, like Gecko) Chrome/54.0.2840.99 Safari/537.36"
91.242.57.142 - - [07/Dec/2016:23:20:26 +0200] "GET /baner/sta_new_small.jpg HTTP/1.0" 200 258 "http://www.centre-kiev.kiev.ua/" "Mozilla/5.0 (Windows NT 10.0; WOW64) AppleWebKit/537.36 (KHTML, like Gecko) Chrome/54.0.2840.99 Safari/537.36"
91.242.57.142 - - [07/Dec/2016:23:20:27 +0200] "GET /baner/logo_cpn.png HTTP/1.0" 200 252 "http://www.centre-kiev.kiev.ua/" "Mozilla/5.0 (Windows NT 10.0; WOW64) AppleWebKit/537.36 (KHTML, like Gecko) Chrome/54.0.2840.99 Safari/537.36"
91.242.57.142 - - [07/Dec/2016:23:20:27 +0200] "GET /baner/visnuk.gif HTTP/1.0" 200 250 "http://www.centre-kiev.kiev.ua/" "Mozilla/5.0 (Windows NT 10.0; WOW64) AppleWebKit/537.36 (KHTML, like Gecko) Chrome/54.0.2840.99 Safari/537.36"
91.242.57.142 - - [07/Dec/2016:23:20:27 +0200] "GET /baner/bann_kozyn_new.png HTTP/1.0" 200 258 "http://www.centre-kiev.kiev.ua/" "Mozilla/5.0 (Windows NT 10.0; WOW64) AppleWebKit/537.36 (KHTML, like Gecko) Chrome/54.0.2840.99 Safari/537.36"
91.242.57.142 - - [07/Dec/2016:23:20:28 +0200] "GET /favicon.ico HTTP/1.0" 200 1233 "http://www.centre-kiev.kiev.ua/" "Mozilla/5.0 (Windows NT 10.0; WOW64) AppleWebKit/537.36 (KHTML, like Gecko) Chrome/54.0.2840.99 Safari/537.36"
66.249.76.83 - - [07/Dec/2016:23:20:58 +0200] "GET / HTTP/1.0" 200 570 "-" "Mozilla/5.0 (compatible; Googlebot/2.1; +http://www.google.com/bot.html)"
66.249.76.81 - - [07/Dec/2016:23:21:09 +0200] "GET /glav.css HTTP/1.0" 200 567 "-" "Mozilla/5.0 (compatible; Googlebot/2.1; +http://www.google.com/bot.html)"
66.249.76.81 - - [07/Dec/2016:23:21:09 +0200] "GET /left_menu.css HTTP/1.0" 200 572 "-" "Mozilla/5.0 (compatible; Googlebot/2.1; +http://www.google.com/bot.html)"
66.249.66.131 - - [07/Dec/2016:23:21:10 +0200] "GET /glav_menu.css HTTP/1.0" 200 968 "-" "Mozilla/5.0 (compatible; Googlebot/2.1; +http://www.google.com/bot.html)"
91.219.223.150 - - [07/Dec/2016:23:22:38 +0200] "GET /bib/files/nmm/11.pdf HTTP/1.0" 200 260 "https://www.google.com.ua/" "Mozilla/5.0 (Windows NT 6.1; rv:50.0) Gecko/20100101 Firefox/50.0"
91.219.223.150 - - [07/Dec/2016:23:22:39 +0200] "GET /favicon.ico HTTP/1.0" 200 1233 "-" "Mozilla/5.0 (Windows NT 6.1; rv:50.0) Gecko/20100101 Firefox/50.0"
157.55.39.42 - - [07/Dec/2016:23:24:17 +0200] "GET /poclugi/posl10.html HTTP/1.0" 404 871 "-" "Mozilla/5.0 (iPhone; CPU iPhone OS 7_0 like Mac OS X) AppleWebKit/537.51.1 (KHTML, like Gecko) Version/7.0 Mobile/11A465 Safari/9537.53 (compatible; bingbot/2.0; +http://www.bing.com/bingbot.htm)"
130.193.51.7 - - [07/Dec/2016:23:25:59 +0200] "GET /baner/sta_new_small.jpg HTTP/1.0" 200 258 "-" "Mozilla/5.0 (compatible; YandexImages/3.0; +http://yandex.com/bots)"
157.55.39.204 - - [07/Dec/2016:23:35:40 +0200] "GET /info/is_16d.html HTTP/1.0" 404 871 "-" "Mozilla/5.0 (iPhone; CPU iPhone OS 7_0 like Mac OS X) AppleWebKit/537.51.1 (KHTML, like Gecko) Version/7.0 Mobile/11A465 Safari/9537.53 (compatible; bingbot/2.0; +http://www.bing.com/bingbot.htm)"
31.128.251.42 - - [07/Dec/2016:23:36:25 +0200] "GET /bib/files/nmm/MB16.pdf HTTP/1.0" 200 262 "https://www.google.com.ua/" "Mozilla/5.0 (Windows NT 10.0; Win64; x64) AppleWebKit/537.36 (KHTML, like Gecko) Chrome/54.0.2840.99 Safari/537.36"
31.128.251.42 - - [07/Dec/2016:23:36:25 +0200] "GET /favicon.ico HTTP/1.0" 200 1233 "http://www.centre-kiev.kiev.ua/bib/files/nmm/MB16.pdf" "Mozilla/5.0 (Windows NT 10.0; Win64; x64) AppleWebKit/537.36 (KHTML, like Gecko) Chrome/54.0.2840.99 Safari/537.36"
31.128.251.42 - - [07/Dec/2016:23:36:27 +0200] "GET /bib/files/nmm/MB16.pdf HTTP/1.0" 200 262 "http://www.centre-kiev.kiev.ua/bib/files/nmm/MB16.pdf" "Mozilla/5.0 (Windows NT 10.0; Win64; x64) AppleWebKit/537.36 (KHTML, like Gecko) Chrome/54.0.2840.99 Safari/537.36"
159.224.216.104 - - [07/Dec/2016:23:37:49 +0200] "GET /bib/files/nmm/OAA16.pdf HTTP/1.0" 200 263 "https://www.google.com.ua/" "Mozilla/5.0 (Windows NT 6.1; Win64; x64) AppleWebKit/537.36 (KHTML, like Gecko) Chrome/54.0.2840.99 Safari/537.36"
159.224.216.104 - - [07/Dec/2016:23:37:49 +0200] "GET /favicon.ico HTTP/1.0" 200 1233 "http://www.centre-kiev.kiev.ua/bib/files/nmm/OAA16.pdf" "Mozilla/5.0 (Windows NT 6.1; Win64; x64) AppleWebKit/537.36 (KHTML, like Gecko) Chrome/54.0.2840.99 Safari/537.36"
178.54.87.25 - - [07/Dec/2016:23:40:00 +0200] "GET / HTTP/1.0" 200 312 "https://www.google.com.ua/" "Mozilla/5.0 (Windows NT 6.1; WOW64) AppleWebKit/537.36 (KHTML, like Gecko) Chrome/54.0.2840.99 Safari/537.36"
178.54.87.25 - - [07/Dec/2016:23:40:01 +0200] "GET /menu.css HTTP/1.0" 200 309 "http://www.centre-kiev.kiev.ua/" "Mozilla/5.0 (Windows NT 6.1; WOW64) AppleWebKit/537.36 (KHTML, like Gecko) Chrome/54.0.2840.99 Safari/537.36"
178.54.87.25 - - [07/Dec/2016:23:40:01 +0200] "GET /css/menu.css HTTP/1.0" 200 313 "http://www.centre-kiev.kiev.ua/" "Mozilla/5.0 (Windows NT 6.1; WOW64) AppleWebKit/537.36 (KHTML, like Gecko) Chrome/54.0.2840.99 Safari/537.36"
178.54.87.25 - - [07/Dec/2016:23:40:01 +0200] "GET /glav.css HTTP/1.0" 200 309 "http://www.centre-kiev.kiev.ua/" "Mozilla/5.0 (Windows NT 6.1; WOW64) AppleWebKit/537.36 (KHTML, like Gecko) Chrome/54.0.2840.99 Safari/537.36"
178.54.87.25 - - [07/Dec/2016:23:40:01 +0200] "GET /555.jpg HTTP/1.0" 200 242 "http://www.centre-kiev.kiev.ua/" "Mozilla/5.0 (Windows NT 6.1; WOW64) AppleWebKit/537.36 (KHTML, like Gecko) Chrome/54.0.2840.99 Safari/537.36"
178.54.87.25 - - [07/Dec/2016:23:40:01 +0200] "GET /css/layout.css HTTP/1.0" 200 511 "http://www.centre-kiev.kiev.ua/" "Mozilla/5.0 (Windows NT 6.1; WOW64) AppleWebKit/537.36 (KHTML, like Gecko) Chrome/54.0.2840.99 Safari/537.36"
178.54.87.25 - - [07/Dec/2016:23:40:01 +0200] "GET /im_diz/logo1.jpg HTTP/1.0" 200 251 "http://www.centre-kiev.kiev.ua/" "Mozilla/5.0 (Windows NT 6.1; WOW64) AppleWebKit/537.36 (KHTML, like Gecko) Chrome/54.0.2840.99 Safari/537.36"
178.54.87.25 - - [07/Dec/2016:23:40:01 +0200] "GET //files/vk.png HTTP/1.0" 200 246 "http://www.centre-kiev.kiev.ua/" "Mozilla/5.0 (Windows NT 6.1; WOW64) AppleWebKit/537.36 (KHTML, like Gecko) Chrome/54.0.2840.99 Safari/537.36"
178.54.87.25 - - [07/Dec/2016:23:40:02 +0200] "GET /bib/img/01.png HTTP/1.0" 200 248 "http://www.centre-kiev.kiev.ua/" "Mozilla/5.0 (Windows NT 6.1; WOW64) AppleWebKit/537.36 (KHTML, like Gecko) Chrome/54.0.2840.99 Safari/537.36"
178.54.87.25 - - [07/Dec/2016:23:40:02 +0200] "GET /baner/sta_new_small.jpg HTTP/1.0" 200 258 "http://www.centre-kiev.kiev.ua/" "Mozilla/5.0 (Windows NT 6.1; WOW64) AppleWebKit/537.36 (KHTML, like Gecko) Chrome/54.0.2840.99 Safari/537.36"
178.54.87.25 - - [07/Dec/2016:23:40:02 +0200] "GET /baner/logo_cpn.png HTTP/1.0" 200 252 "http://www.centre-kiev.kiev.ua/" "Mozilla/5.0 (Windows NT 6.1; WOW64) AppleWebKit/537.36 (KHTML, like Gecko) Chrome/54.0.2840.99 Safari/537.36"
178.54.87.25 - - [07/Dec/2016:23:40:02 +0200] "GET /baner/visnuk.gif HTTP/1.0" 200 250 "http://www.centre-kiev.kiev.ua/" "Mozilla/5.0 (Windows NT 6.1; WOW64) AppleWebKit/537.36 (KHTML, like Gecko) Chrome/54.0.2840.99 Safari/537.36"
178.54.87.25 - - [07/Dec/2016:23:40:02 +0200] "GET /baner/bann_kozyn_new.png HTTP/1.0" 200 258 "http://www.centre-kiev.kiev.ua/" "Mozilla/5.0 (Windows NT 6.1; WOW64) AppleWebKit/537.36 (KHTML, like Gecko) Chrome/54.0.2840.99 Safari/537.36"
178.54.87.25 - - [07/Dec/2016:23:40:02 +0200] "GET /favicon.ico HTTP/1.0" 200 1233 "http://www.centre-kiev.kiev.ua/" "Mozilla/5.0 (Windows NT 6.1; WOW64) AppleWebKit/537.36 (KHTML, like Gecko) Chrome/54.0.2840.99 Safari/537.36"
66.249.76.79 - - [07/Dec/2016:23:40:10 +0200] "GET /favicon.ico HTTP/1.0" 200 6359 "-" "Googlebot-Image/1.0"
66.249.76.79 - - [07/Dec/2016:23:42:43 +0200] "GET /555.jpg HTTP/1.0" 200 413 "-" "Googlebot-Image/1.0"
66.249.76.23 - - [07/Dec/2016:23:43:08 +0200] "GET / HTTP/1.0" 200 312 "-" "Mozilla/5.0 (Linux; Android 6.0.1; Nexus 5X Build/MMB29P) AppleWebKit/537.36 (KHTML, like Gecko) Chrome/41.0.2272.96 Mobile Safari/537.36 (compatible; Googlebot/2.1; +http://www.google.com/bot.html)"
194.44.12.11 - - [07/Dec/2016:23:53:02 +0200] "GET /mz/img/03.jpg HTTP/1.0" 200 248 "-" "Mozilla/4.0 (compatible;)"
130.193.51.7 - - [07/Dec/2016:23:59:37 +0200] "GET /robots.txt HTTP/1.0" 200 471 "-" "Mozilla/5.0 (compatible; YandexBot/3.0; +http://yandex.com/bots)"
130.193.51.7 - - [07/Dec/2016:23:59:41 +0200] "GET /dn/dn.html HTTP/1.0" 200 312 "-" "Mozilla/5.0 (compatible; YandexBot/3.0; +http://yandex.com/bots)"
130.193.51.7 - - [08/Dec/2016:00:00:37 +0200] "GET /info/is.html HTTP/1.0" 200 314 "-" "Mozilla/5.0 (compatible; YandexBot/3.0; +http://yandex.com/bots)"
130.193.51.7 - - [08/Dec/2016:00:20:55 +0200] "GET /foto/foto%20560x420/22.jpg HTTP/1.0" 200 259 "-" "Mozilla/5.0 (compatible; YandexImages/3.0; +http://yandex.com/bots)"
130.193.51.7 - - [08/Dec/2016:00:21:58 +0200] "GET /foto/foto%20560x420/24.jpg HTTP/1.0" 200 259 "-" "Mozilla/5.0 (compatible; YandexImages/3.0; +http://yandex.com/bots)"
93.72.101.220 - - [08/Dec/2016:00:33:21 +0200] "GET / HTTP/1.0" 200 312 "https://www.google.com.ua/" "Mozilla/5.0 (Windows NT 6.0) AppleWebKit/537.36 (KHTML, like Gecko) Chrome/49.0.2623.112 Safari/537.36 OPR/36.0.2130.80"
93.72.101.220 - - [08/Dec/2016:00:33:22 +0200] "GET /menu.css HTTP/1.0" 200 309 "http://www.centre-kiev.kiev.ua/" "Mozilla/5.0 (Windows NT 6.0) AppleWebKit/537.36 (KHTML, like Gecko) Chrome/49.0.2623.112 Safari/537.36 OPR/36.0.2130.80"
93.72.101.220 - - [08/Dec/2016:00:33:22 +0200] "GET /glav.css HTTP/1.0" 200 309 "http://www.centre-kiev.kiev.ua/" "Mozilla/5.0 (Windows NT 6.0) AppleWebKit/537.36 (KHTML, like Gecko) Chrome/49.0.2623.112 Safari/537.36 OPR/36.0.2130.80"
93.72.101.220 - - [08/Dec/2016:00:33:22 +0200] "GET /css/menu.css HTTP/1.0" 200 313 "http://www.centre-kiev.kiev.ua/" "Mozilla/5.0 (Windows NT 6.0) AppleWebKit/537.36 (KHTML, like Gecko) Chrome/49.0.2623.112 Safari/537.36 OPR/36.0.2130.80"
93.72.101.220 - - [08/Dec/2016:00:33:22 +0200] "GET /css/layout.css HTTP/1.0" 200 511 "http://www.centre-kiev.kiev.ua/" "Mozilla/5.0 (Windows NT 6.0) AppleWebKit/537.36 (KHTML, like Gecko) Chrome/49.0.2623.112 Safari/537.36 OPR/36.0.2130.80"
93.72.101.220 - - [08/Dec/2016:00:33:22 +0200] "GET /im_diz/logo1.jpg HTTP/1.0" 200 251 "http://www.centre-kiev.kiev.ua/" "Mozilla/5.0 (Windows NT 6.0) AppleWebKit/537.36 (KHTML, like Gecko) Chrome/49.0.2623.112 Safari/537.36 OPR/36.0.2130.80"
93.72.101.220 - - [08/Dec/2016:00:33:22 +0200] "GET /555.jpg HTTP/1.0" 200 242 "http://www.centre-kiev.kiev.ua/" "Mozilla/5.0 (Windows NT 6.0) AppleWebKit/537.36 (KHTML, like Gecko) Chrome/49.0.2623.112 Safari/537.36 OPR/36.0.2130.80"
93.72.101.220 - - [08/Dec/2016:00:33:22 +0200] "GET //files/vk.png HTTP/1.0" 200 246 "http://www.centre-kiev.kiev.ua/" "Mozilla/5.0 (Windows NT 6.0) AppleWebKit/537.36 (KHTML, like Gecko) Chrome/49.0.2623.112 Safari/537.36 OPR/36.0.2130.80"
93.72.101.220 - - [08/Dec/2016:00:33:22 +0200] "GET /baner/sta_new_small.jpg HTTP/1.0" 200 258 "http://www.centre-kiev.kiev.ua/" "Mozilla/5.0 (Windows NT 6.0) AppleWebKit/537.36 (KHTML, like Gecko) Chrome/49.0.2623.112 Safari/537.36 OPR/36.0.2130.80"
93.72.101.220 - - [08/Dec/2016:00:33:22 +0200] "GET /bib/img/01.png HTTP/1.0" 200 248 "http://www.centre-kiev.kiev.ua/" "Mozilla/5.0 (Windows NT 6.0) AppleWebKit/537.36 (KHTML, like Gecko) Chrome/49.0.2623.112 Safari/537.36 OPR/36.0.2130.80"
93.72.101.220 - - [08/Dec/2016:00:33:22 +0200] "GET /baner/logo_cpn.png HTTP/1.0" 200 252 "http://www.centre-kiev.kiev.ua/" "Mozilla/5.0 (Windows NT 6.0) AppleWebKit/537.36 (KHTML, like Gecko) Chrome/49.0.2623.112 Safari/537.36 OPR/36.0.2130.80"
93.72.101.220 - - [08/Dec/2016:00:33:23 +0200] "GET /baner/bann_kozyn_new.png HTTP/1.0" 200 258 "http://www.centre-kiev.kiev.ua/" "Mozilla/5.0 (Windows NT 6.0) AppleWebKit/537.36 (KHTML, like Gecko) Chrome/49.0.2623.112 Safari/537.36 OPR/36.0.2130.80"
93.72.101.220 - - [08/Dec/2016:00:33:23 +0200] "GET /baner/visnuk.gif HTTP/1.0" 200 250 "http://www.centre-kiev.kiev.ua/" "Mozilla/5.0 (Windows NT 6.0) AppleWebKit/537.36 (KHTML, like Gecko) Chrome/49.0.2623.112 Safari/537.36 OPR/36.0.2130.80"
93.72.101.220 - - [08/Dec/2016:00:33:28 +0200] "GET /favicon.ico HTTP/1.0" 200 1233 "http://www.centre-kiev.kiev.ua/" "Mozilla/5.0 (Windows NT 6.0) AppleWebKit/537.36 (KHTML, like Gecko) Chrome/49.0.2623.112 Safari/537.36 OPR/36.0.2130.80"
157.55.39.42 - - [08/Dec/2016:00:42:07 +0200] "GET /files/Shan_sluh/Shan_sluh_opr_28.09.pdf HTTP/1.0" 404 871 "-" "Mozilla/5.0 (iPhone; CPU iPhone OS 7_0 like Mac OS X) AppleWebKit/537.51.1 (KHTML, like Gecko) Version/7.0 Mobile/11A465 Safari/9537.53 (compatible; bingbot/2.0; +http://www.bing.com/bingbot.htm)"
217.69.133.253 - - [08/Dec/2016:00:49:09 +0200] "GET /robots.txt HTTP/1.0" 200 471 "-" "Mozilla/5.0 (compatible; Linux x86_64; Mail.RU_Bot/2.0; +http://go.mail.ru/help/robots)"
157.55.39.130 - - [08/Dec/2016:00:49:57 +0200] "GET /files/Shan_sluh/pdv20162.pdf HTTP/1.0" 200 268 "-" "Mozilla/5.0 (iPhone; CPU iPhone OS 7_0 like Mac OS X) AppleWebKit/537.51.1 (KHTML, like Gecko) Version/7.0 Mobile/11A465 Safari/9537.53 (compatible; bingbot/2.0; +http://www.bing.com/bingbot.htm)"
130.193.51.7 - - [08/Dec/2016:00:54:44 +0200] "GET /foto/foto%20560x420/48.jpg HTTP/1.0" 200 259 "-" "Mozilla/5.0 (compatible; YandexImages/3.0; +http://yandex.com/bots)"
91.221.70.27 - - [08/Dec/2016:01:12:13 +0200] "GET /bib/files/nmm/5.pdf HTTP/1.0" 200 259 "-" "Mozilla/5.0 (Windows NT 6.1; Trident/7.0; rv:11.0) like Gecko"
130.193.51.7 - - [08/Dec/2016:01:16:27 +0200] "GET /foto/foto%20560x420/612.jpg HTTP/1.0" 200 260 "-" "Mozilla/5.0 (compatible; YandexImages/3.0; +http://yandex.com/bots)"
130.193.51.7 - - [08/Dec/2016:01:21:09 +0200] "GET /dz/dz.html HTTP/1.0" 200 312 "-" "Mozilla/5.0 (compatible; YandexBot/3.0; +http://yandex.com/bots)"
157.55.39.42 - - [08/Dec/2016:01:32:19 +0200] "GET /info/is_15.html HTTP/1.0" 404 871 "-" "Mozilla/5.0 (iPhone; CPU iPhone OS 7_0 like Mac OS X) AppleWebKit/537.51.1 (KHTML, like Gecko) Version/7.0 Mobile/11A465 Safari/9537.53 (compatible; bingbot/2.0; +http://www.bing.com/bingbot.htm)"
66.249.76.25 - - [08/Dec/2016:01:44:33 +0200] "GET /robots.txt HTTP/1.0" 200 485 "-" "Mozilla/5.0 (compatible; Googlebot/2.1; +http://www.google.com/bot.html)"
66.249.76.24 - - [08/Dec/2016:01:44:33 +0200] "GET /bib/files/nmm/1.pdf HTTP/1.0" 200 259 "-" "Mozilla/5.0 (compatible; Googlebot/2.1; +http://www.google.com/bot.html)"
46.229.168.69 - - [08/Dec/2016:01:53:53 +0200] "GET /files/Shan_sluh/07031.pdf HTTP/1.0" 200 265 "-" "Mozilla/5.0 (compatible; SemrushBot/1.1~bl; +http://www.semrush.com/bot.html)"
66.249.76.25 - - [08/Dec/2016:02:09:10 +0200] "GET / HTTP/1.0" 200 312 "-" "Mozilla/5.0 (Linux; Android 6.0.1; Nexus 5X Build/MMB29P) AppleWebKit/537.36 (KHTML, like Gecko) Chrome/41.0.2272.96 Mobile Safari/537.36 (compatible; Googlebot/2.1; +http://www.google.com/bot.html)"
157.55.39.42 - - [08/Dec/2016:02:14:01 +0200] "GET /foto/foto.html HTTP/1.0" 200 316 "-" "Mozilla/5.0 (iPhone; CPU iPhone OS 7_0 like Mac OS X) AppleWebKit/537.51.1 (KHTML, like Gecko) Version/7.0 Mobile/11A465 Safari/9537.53 (compatible; bingbot/2.0; +http://www.bing.com/bingbot.htm)"
157.55.39.42 - - [08/Dec/2016:02:14:15 +0200] "GET /foto/034.JPG HTTP/1.0" 200 247 "-" "Mozilla/5.0 (iPhone; CPU iPhone OS 7_0 like Mac OS X) AppleWebKit/537.51.1 (KHTML, like Gecko) Version/7.0 Mobile/11A465 Safari/9537.53 (compatible; bingbot/2.0; +http://www.bing.com/bingbot.htm)"
157.55.39.204 - - [08/Dec/2016:02:14:19 +0200] "GET /robots.txt HTTP/1.0" 200 471 "-" "Mozilla/5.0 (compatible; bingbot/2.0; +http://www.bing.com/bingbot.htm)"
157.55.39.204 - - [08/Dec/2016:02:14:19 +0200] "GET /foto/css/layout.css HTTP/1.0" 404 871 "-" "Mozilla/5.0 (iPhone; CPU iPhone OS 7_0 like Mac OS X) AppleWebKit/537.51.1 (KHTML, like Gecko) Version/7.0 Mobile/11A465 Safari/9537.53 (compatible; bingbot/2.0; +http://www.bing.com/bingbot.htm)"
157.55.39.204 - - [08/Dec/2016:02:14:19 +0200] "GET /foto/css/menu.css HTTP/1.0" 404 871 "-" "Mozilla/5.0 (iPhone; CPU iPhone OS 7_0 like Mac OS X) AppleWebKit/537.51.1 (KHTML, like Gecko) Version/7.0 Mobile/11A465 Safari/9537.53 (compatible; bingbot/2.0; +http://www.bing.com/bingbot.htm)"
157.55.39.130 - - [08/Dec/2016:02:15:56 +0200] "GET /foto/cen6_10.html HTTP/1.0" 200 319 "-" "Mozilla/5.0 (iPhone; CPU iPhone OS 7_0 like Mac OS X) AppleWebKit/537.51.1 (KHTML, like Gecko) Version/7.0 Mobile/11A465 Safari/9537.53 (compatible; bingbot/2.0; +http://www.bing.com/bingbot.htm)"
194.110.6.9 - - [08/Dec/2016:02:38:12 +0200] "GET /nav_pr/nap_d.html HTTP/1.0" 200 319 "https://www.google.com.ua/" "Mozilla/5.0 (Windows NT 6.1) AppleWebKit/537.36 (KHTML, like Gecko) Chrome/54.0.2840.99 Safari/537.36 OPR/41.0.2353.69"
194.110.6.9 - - [08/Dec/2016:02:38:12 +0200] "GET /menu.css HTTP/1.0" 200 309 "http://www.centre-kiev.kiev.ua/nav_pr/nap_d.html" "Mozilla/5.0 (Windows NT 6.1) AppleWebKit/537.36 (KHTML, like Gecko) Chrome/54.0.2840.99 Safari/537.36 OPR/41.0.2353.69"
194.110.6.9 - - [08/Dec/2016:02:38:12 +0200] "GET /glav.css HTTP/1.0" 200 309 "http://www.centre-kiev.kiev.ua/nav_pr/nap_d.html" "Mozilla/5.0 (Windows NT 6.1) AppleWebKit/537.36 (KHTML, like Gecko) Chrome/54.0.2840.99 Safari/537.36 OPR/41.0.2353.69"
194.110.6.9 - - [08/Dec/2016:02:38:12 +0200] "GET /nav_pr/css/menu.css HTTP/1.0" 404 871 "http://www.centre-kiev.kiev.ua/nav_pr/nap_d.html" "Mozilla/5.0 (Windows NT 6.1) AppleWebKit/537.36 (KHTML, like Gecko) Chrome/54.0.2840.99 Safari/537.36 OPR/41.0.2353.69"
194.110.6.9 - - [08/Dec/2016:02:38:12 +0200] "GET /nav_pr/css/layout.css HTTP/1.0" 404 871 "http://www.centre-kiev.kiev.ua/nav_pr/nap_d.html" "Mozilla/5.0 (Windows NT 6.1) AppleWebKit/537.36 (KHTML, like Gecko) Chrome/54.0.2840.99 Safari/537.36 OPR/41.0.2353.69"
194.110.6.9 - - [08/Dec/2016:02:38:12 +0200] "GET /im_diz/logo1.jpg HTTP/1.0" 200 251 "http://www.centre-kiev.kiev.ua/nav_pr/nap_d.html" "Mozilla/5.0 (Windows NT 6.1) AppleWebKit/537.36 (KHTML, like Gecko) Chrome/54.0.2840.99 Safari/537.36 OPR/41.0.2353.69"
194.110.6.9 - - [08/Dec/2016:02:38:12 +0200] "GET /bib/img/01.png HTTP/1.0" 200 248 "http://www.centre-kiev.kiev.ua/nav_pr/nap_d.html" "Mozilla/5.0 (Windows NT 6.1) AppleWebKit/537.36 (KHTML, like Gecko) Chrome/54.0.2840.99 Safari/537.36 OPR/41.0.2353.69"
194.110.6.9 - - [08/Dec/2016:02:38:12 +0200] "GET /baner/logo_cpn.png HTTP/1.0" 200 252 "http://www.centre-kiev.kiev.ua/nav_pr/nap_d.html" "Mozilla/5.0 (Windows NT 6.1) AppleWebKit/537.36 (KHTML, like Gecko) Chrome/54.0.2840.99 Safari/537.36 OPR/41.0.2353.69"
194.110.6.9 - - [08/Dec/2016:02:38:12 +0200] "GET /baner/sta_new_small.jpg HTTP/1.0" 200 258 "http://www.centre-kiev.kiev.ua/nav_pr/nap_d.html" "Mozilla/5.0 (Windows NT 6.1) AppleWebKit/537.36 (KHTML, like Gecko) Chrome/54.0.2840.99 Safari/537.36 OPR/41.0.2353.69"
194.110.6.9 - - [08/Dec/2016:02:38:12 +0200] "GET /baner/visnuk.gif HTTP/1.0" 200 250 "http://www.centre-kiev.kiev.ua/nav_pr/nap_d.html" "Mozilla/5.0 (Windows NT 6.1) AppleWebKit/537.36 (KHTML, like Gecko) Chrome/54.0.2840.99 Safari/537.36 OPR/41.0.2353.69"
194.110.6.9 - - [08/Dec/2016:02:38:12 +0200] "GET /baner/bann_kozyn_new.png HTTP/1.0" 200 258 "http://www.centre-kiev.kiev.ua/nav_pr/nap_d.html" "Mozilla/5.0 (Windows NT 6.1) AppleWebKit/537.36 (KHTML, like Gecko) Chrome/54.0.2840.99 Safari/537.36 OPR/41.0.2353.69"
130.193.51.7 - - [08/Dec/2016:02:47:41 +0200] "GET /mz/img/1234567.jpg HTTP/1.0" 200 253 "-" "Mozilla/5.0 (compatible; YandexImages/3.0; +http://yandex.com/bots)"
62.109.24.203 - - [08/Dec/2016:02:48:27 +0200] "HEAD /bib/files/nmm/OAA16.pdf HTTP/1.0" 200 297 "https://www.google.com" "Mozilla/5.0 (compatible; MSIE 10.6; Windows NT 6.1; Trident/5.0; InfoPath.2; SLCC1; .NET CLR 3.0.4506.2152; .NET CLR 3.5.30729; .NET CLR 2.0.50727) 3gpp-gba UNTRUSTED/1.0"
157.55.39.42 - - [08/Dec/2016:02:49:52 +0200] "GET /files/Shan_sluh/fo.pdf HTTP/1.0" 200 262 "-" "Mozilla/5.0 (iPhone; CPU iPhone OS 7_0 like Mac OS X) AppleWebKit/537.51.1 (KHTML, like Gecko) Version/7.0 Mobile/11A465 Safari/9537.53 (compatible; bingbot/2.0; +http://www.bing.com/bingbot.htm)"
66.249.76.83 - - [08/Dec/2016:02:51:31 +0200] "GET / HTTP/1.0" 200 312 "-" "Mozilla/5.0 (compatible; Googlebot/2.1; +http://www.google.com/bot.html)"
66.249.76.23 - - [08/Dec/2016:02:52:17 +0200] "GET / HTTP/1.0" 200 312 "-" "Mozilla/5.0 (compatible; Googlebot/2.1; +http://www.google.com/bot.html)"
157.55.39.204 - - [08/Dec/2016:03:10:53 +0200] "GET /files/Shan_sluh/Shan_sluh_zkp_12.05.pdf HTTP/1.0" 404 871 "-" "Mozilla/5.0 (iPhone; CPU iPhone OS 7_0 like Mac OS X) AppleWebKit/537.51.1 (KHTML, like Gecko) Version/7.0 Mobile/11A465 Safari/9537.53 (compatible; bingbot/2.0; +http://www.bing.com/bingbot.htm)"
207.46.13.180 - - [08/Dec/2016:03:19:52 +0200] "GET /files/instruct/instr_reg_dn.pdf HTTP/1.0" 404 871 "-" "Mozilla/5.0 (iPhone; CPU iPhone OS 7_0 like Mac OS X) AppleWebKit/537.51.1 (KHTML, like Gecko) Version/7.0 Mobile/11A465 Safari/9537.53 (compatible; bingbot/2.0; +http://www.bing.com/bingbot.htm)"
157.55.39.130 - - [08/Dec/2016:03:36:49 +0200] "GET /foto/cen3_02.html HTTP/1.0" 200 319 "-" "Mozilla/5.0 (compatible; bingbot/2.0; +http://www.bing.com/bingbot.htm)"
157.55.39.130 - - [08/Dec/2016:03:37:00 +0200] "GET /left_menu.css HTTP/1.0" 200 314 "-" "Mozilla/5.0 (compatible; bingbot/2.0; +http://www.bing.com/bingbot.htm)"
157.55.39.42 - - [08/Dec/2016:03:37:04 +0200] "GET /glav_menu.css HTTP/1.0" 200 710 "-" "Mozilla/5.0 (compatible; bingbot/2.0; +http://www.bing.com/bingbot.htm)"
217.69.133.216 - - [08/Dec/2016:03:40:45 +0200] "GET /robots.txt HTTP/1.0" 200 471 "-" "Mozilla/5.0 (compatible; Linux x86_64; Mail.RU_Bot/2.0; +http://go.mail.ru/help/robots)"
217.69.133.194 - - [08/Dec/2016:03:45:02 +0200] "GET /robots.txt HTTP/1.0" 200 471 "-" "Mozilla/5.0 (compatible; Linux x86_64; Mail.RU_Bot/2.0; +http://go.mail.ru/help/robots)"
217.69.133.9 - - [08/Dec/2016:03:45:09 +0200] "GET /files/Shan_sluh/Shan_sluh_FO_06.04.15.pdf HTTP/1.0" 404 871 "-" "Mozilla/5.0 (compatible; Linux x86_64; Mail.RU_Bot/2.0; +http://go.mail.ru/help/robots)"
66.249.76.24 - - [07/Dec/2016:08:19:16 +0200] "GET /files/vk.png HTTP/1.1" 200 4943 "-" "Googlebot-Image/1.0"
66.249.76.25 - - [07/Dec/2016:08:20:50 +0200] "GET /baner/logo_cpn.png HTTP/1.1" 200 90792 "-" "Googlebot-Image/1.0"
130.193.51.7 - - [07/Dec/2016:08:21:14 +0200] "GET / HTTP/1.1" 200 7656 "-" "Mozilla/5.0 (compatible; YandexCatalog/3.0; +http://yandex.com/bots)"
178.210.207.40 - - [07/Dec/2016:08:25:12 +0200] "GET /bib/files/nmm/KK16.pdf HTTP/1.1" 304 0 "http://yandex.ua/clck/jsredir?from=yandex.ua%3Bsearch%2F%3Bweb%3B%3B&text=&etext=1262.TXqlnfxMioc1GxPKiz1hkBb2AeCRcVBjBoo2taR2wxdr90JsYILa-aq76HMfoaPY9a7CKXn6Ojri_R03A6R7orOd429mBcO_H8H-E9pYuGeqGj1WU_rdwjkygY6Wl_cR.66d8fa6b54a4d7f0a340c7c63606a55ef61c3aa4&uuid=&state=PEtFfuTeVD5kpHnK9lio9T6U0-imFY5IshtIYWJN7W-V64A9Yd8Kv-PJgis4UdqY898U4_M9m956tHrW-K-B6Sjv1A9XA-GLHkdvgJY7ihU&data=UlNrNmk5WktYejR0eWJFYk1LdmtxbjI0SHcxc2ZLc0lldkhZTThRZExHV01QdTJMSEVVa192N2Q2cTdMSXdOTzNGNlpxaGE2U29MQUVYekxRdnZRQnQwLWR1T3lOdWE4VmtFcDJCUTd4dVh4X29QYndidUF2ZG03WVEzczNkVWR1b3BlZFlLMG5GaDFHRVpTckwycnpR&b64e=2&sign=6ac4492efdfa44cfc5ed9e22f4bd2051&keyno=0&cst=AiuY0DBWFJ4RhQyBNHa0i29CkXKA_V6Ddhykj5WRuv0_Yb826m5R64Bm03eg_aqcf7tYVaesTk4sSZAbU3Gk2UR46asAMdiKObcHxOnmUmZTVv1phD8hwoyIKJWlEE4I_QAP2P4GPbL1hcX4BBbX7kltKdgythCRmf3p6J2-p2nIwj4nCCoML9-u2ddN-jXC70yb2wKfLWihkItFhDM17iNAdEqB_zEDxl4_QqfrbY0pp9KJE5TOTBHKYAMsiS48hdNxHlidf3v5X9fo7kaZbgrEye7-4yay4d765wozHb_cHDR7a6QC7gx6S6gqccy-&ref=orjY4mGPRjmt1xzYuZsDZSKx6sHOF1RVkEePIVfruU7Pm5h7KciF-MmQchKatTAuR_0B0suSy0jt2vrsO76KEOhciNkzA6oYpKmGo3uO5qPgvfoZUhQDx9yewZgx24C5y_s17eSCdCoDzsprhlcAa-VMK4HRhuswlmp-B8tRnppxGymMTXVfHJB3aoz283oN6GyJHJKSE1bzyq-R0P1PPX17xXwEvXj4szhvBFraC8vGhwWr71R4ImJwPAA6jg1LN0Kmry2eSbHYyMGIpqzdVl_GNkV55uPp9D0Qqkju8O-MHlmyNKAdGerOK35TM-RyIMzzKHH7XrQEk5Q5qp7yZjHoG6S91BG_zdEVsngsMqJlsZuAMlOhUz_uUNEHfcU1c5uoDLFi8BYVKQFyZqgetA_aqk83PtSi5kcPRH7MVvlrdeVwvK-suR2unsZPKiMo8vBCThYi4oSi_90L28MsS-9hQiwTNvGgfuTzSeIdieaiPAzHt77sce8KtKVMdVOp3buIQHMOwzlziCn4Cfg_yq8ZBwecJhU_vsxfQ1fNm83WDKsK8yLSBcaO8q1DIrV9hPQuwYzKIV8GDJ2q8bwDoMbAtDfIQNTqJYoLTKE9GCpmGmSRnbprEEprV7-Auv_zXeLJ861fDnQMeQLsjrQ6_rmz2aMIh3k-jAPvZHgISrpsVTs5Up3PjdgCtpZm1CuLENfKoUcuGndnG0ymgukc5eVpMS3ySfOy&l10n=ru&cts=1481078816411&mc=5.299432357856835" "Mozilla/5.0 (Windows NT 5.1) AppleWebKit/537.36 (KHTML, like Gecko) Chrome/53.0.2785.143 YaBrowser/16.10.1.1116 Yowser/2.5 Safari/537.36"
91.226.187.246 - - [07/Dec/2016:08:41:11 +0200] "GET / HTTP/1.1" 200 7656 "http://www.cpn.gov.ua/index.html" "Mozilla/5.0 (Windows NT 6.1) AppleWebKit/537.36 (KHTML, like Gecko) Chrome/54.0.2840.99 Safari/537.36"
91.226.187.246 - - [07/Dec/2016:08:41:11 +0200] "GET /menu.css HTTP/1.1" 200 2331 "http://centre-kiev.kiev.ua/" "Mozilla/5.0 (Windows NT 6.1) AppleWebKit/537.36 (KHTML, like Gecko) Chrome/54.0.2840.99 Safari/537.36"
91.226.187.246 - - [07/Dec/2016:08:41:11 +0200] "GET /glav.css HTTP/1.1" 200 1262 "http://centre-kiev.kiev.ua/" "Mozilla/5.0 (Windows NT 6.1) AppleWebKit/537.36 (KHTML, like Gecko) Chrome/54.0.2840.99 Safari/537.36"
91.226.187.246 - - [07/Dec/2016:08:41:11 +0200] "GET /css/menu.css HTTP/1.1" 200 2331 "http://centre-kiev.kiev.ua/" "Mozilla/5.0 (Windows NT 6.1) AppleWebKit/537.36 (KHTML, like Gecko) Chrome/54.0.2840.99 Safari/537.36"
91.226.187.246 - - [07/Dec/2016:08:41:11 +0200] "GET //files/vk.png HTTP/1.1" 200 4943 "http://centre-kiev.kiev.ua/" "Mozilla/5.0 (Windows NT 6.1) AppleWebKit/537.36 (KHTML, like Gecko) Chrome/54.0.2840.99 Safari/537.36"
91.226.187.246 - - [07/Dec/2016:08:41:11 +0200] "GET /baner/visnuk.gif HTTP/1.1" 200 19709 "http://centre-kiev.kiev.ua/" "Mozilla/5.0 (Windows NT 6.1) AppleWebKit/537.36 (KHTML, like Gecko) Chrome/54.0.2840.99 Safari/537.36"
91.226.187.246 - - [07/Dec/2016:08:41:11 +0200] "GET /baner/sta_new_small.jpg HTTP/1.1" 200 14051 "http://centre-kiev.kiev.ua/" "Mozilla/5.0 (Windows NT 6.1) AppleWebKit/537.36 (KHTML, like Gecko) Chrome/54.0.2840.99 Safari/537.36"
91.226.187.246 - - [07/Dec/2016:08:41:11 +0200] "GET /baner/logo_cpn.png HTTP/1.1" 200 90792 "http://centre-kiev.kiev.ua/" "Mozilla/5.0 (Windows NT 6.1) AppleWebKit/537.36 (KHTML, like Gecko) Chrome/54.0.2840.99 Safari/537.36"
91.226.187.246 - - [07/Dec/2016:08:41:11 +0200] "GET /baner/bann_kozyn_new.png HTTP/1.1" 200 34714 "http://centre-kiev.kiev.ua/" "Mozilla/5.0 (Windows NT 6.1) AppleWebKit/537.36 (KHTML, like Gecko) Chrome/54.0.2840.99 Safari/537.36"
91.226.187.246 - - [07/Dec/2016:08:41:11 +0200] "GET /bib/img/01.png HTTP/1.1" 200 48198 "http://centre-kiev.kiev.ua/" "Mozilla/5.0 (Windows NT 6.1) AppleWebKit/537.36 (KHTML, like Gecko) Chrome/54.0.2840.99 Safari/537.36"
91.226.187.246 - - [07/Dec/2016:08:41:11 +0200] "GET /im_diz/logo1.jpg HTTP/1.1" 200 125984 "http://centre-kiev.kiev.ua/" "Mozilla/5.0 (Windows NT 6.1) AppleWebKit/537.36 (KHTML, like Gecko) Chrome/54.0.2840.99 Safari/537.36"
91.226.187.246 - - [07/Dec/2016:08:41:13 +0200] "GET /555.jpg HTTP/1.1" 200 937281 "http://centre-kiev.kiev.ua/" "Mozilla/5.0 (Windows NT 6.1) AppleWebKit/537.36 (KHTML, like Gecko) Chrome/54.0.2840.99 Safari/537.36"
91.226.187.246 - - [07/Dec/2016:08:41:32 +0200] "GET /keriv/kr.html HTTP/1.1" 200 9106 "http://centre-kiev.kiev.ua/" "Mozilla/5.0 (Windows NT 6.1) AppleWebKit/537.36 (KHTML, like Gecko) Chrome/54.0.2840.99 Safari/537.36"
91.226.187.246 - - [07/Dec/2016:08:41:32 +0200] "GET //kontakt/121.jpg HTTP/1.1" 200 20692 "http://centre-kiev.kiev.ua/keriv/kr.html" "Mozilla/5.0 (Windows NT 6.1) AppleWebKit/537.36 (KHTML, like Gecko) Chrome/54.0.2840.99 Safari/537.36"
95.132.27.178 - - [07/Dec/2016:08:42:12 +0200] "GET /mz/mz.html HTTP/1.1" 200 13417 "http://centre-kiev.kiev.ua/keriv/kr.html" "Mozilla/5.0 (Windows NT 6.1) AppleWebKit/537.36 (KHTML, like Gecko) Chrome/54.0.2840.99 Safari/537.36"
66.249.76.25 - - [07/Dec/2016:08:42:20 +0200] "GET /centre1.JPG HTTP/1.1" 200 221387 "-" "Googlebot-Image/1.0"
95.132.27.178 - - [07/Dec/2016:08:42:30 +0200] "GET /foto/foto.html HTTP/1.1" 200 9314 "http://centre-kiev.kiev.ua/keriv/kr.html" "Mozilla/5.0 (Windows NT 6.1) AppleWebKit/537.36 (KHTML, like Gecko) Chrome/54.0.2840.99 Safari/537.36"
95.132.27.178 - - [07/Dec/2016:08:42:30 +0200] "GET /foto/013.JPG HTTP/1.1" 200 276207 "http://centre-kiev.kiev.ua/foto/foto.html" "Mozilla/5.0 (Windows NT 6.1) AppleWebKit/537.36 (KHTML, like Gecko) Chrome/54.0.2840.99 Safari/537.36"
95.132.27.178 - - [07/Dec/2016:08:42:31 +0200] "GET /foto/033.JPG HTTP/1.1" 200 411200 "http://centre-kiev.kiev.ua/foto/foto.html" "Mozilla/5.0 (Windows NT 6.1) AppleWebKit/537.36 (KHTML, like Gecko) Chrome/54.0.2840.99 Safari/537.36"
95.132.27.178 - - [07/Dec/2016:08:42:31 +0200] "GET /foto/020.JPG HTTP/1.1" 200 277510 "http://centre-kiev.kiev.ua/foto/foto.html" "Mozilla/5.0 (Windows NT 6.1) AppleWebKit/537.36 (KHTML, like Gecko) Chrome/54.0.2840.99 Safari/537.36"
95.132.27.178 - - [07/Dec/2016:08:42:31 +0200] "GET /foto/034.JPG HTTP/1.1" 200 429872 "http://centre-kiev.kiev.ua/foto/foto.html" "Mozilla/5.0 (Windows NT 6.1) AppleWebKit/537.36 (KHTML, like Gecko) Chrome/54.0.2840.99 Safari/537.36"
95.132.27.178 - - [07/Dec/2016:08:42:32 +0200] "GET /foto/018.JPG HTTP/1.1" 200 668060 "http://centre-kiev.kiev.ua/foto/foto.html" "Mozilla/5.0 (Windows NT 6.1) AppleWebKit/537.36 (KHTML, like Gecko) Chrome/54.0.2840.99 Safari/537.36"
95.132.27.178 - - [07/Dec/2016:08:42:32 +0200] "GET /foto/07.JPG HTTP/1.1" 200 314631 "http://centre-kiev.kiev.ua/foto/foto.html" "Mozilla/5.0 (Windows NT 6.1) AppleWebKit/537.36 (KHTML, like Gecko) Chrome/54.0.2840.99 Safari/537.36"
95.132.27.178 - - [07/Dec/2016:08:42:33 +0200] "GET /foto/015.JPG HTTP/1.1" 200 691541 "http://centre-kiev.kiev.ua/foto/foto.html" "Mozilla/5.0 (Windows NT 6.1) AppleWebKit/537.36 (KHTML, like Gecko) Chrome/54.0.2840.99 Safari/537.36"
95.132.27.178 - - [07/Dec/2016:08:42:33 +0200] "GET /foto/022.JPG HTTP/1.1" 200 694085 "http://centre-kiev.kiev.ua/foto/foto.html" "Mozilla/5.0 (Windows NT 6.1) AppleWebKit/537.36 (KHTML, like Gecko) Chrome/54.0.2840.99 Safari/537.36"
95.132.27.178 - - [07/Dec/2016:08:42:33 +0200] "GET /foto/012.JPG HTTP/1.1" 200 328701 "http://centre-kiev.kiev.ua/foto/foto.html" "Mozilla/5.0 (Windows NT 6.1) AppleWebKit/537.36 (KHTML, like Gecko) Chrome/54.0.2840.99 Safari/537.36"
95.132.27.178 - - [07/Dec/2016:08:42:34 +0200] "GET /foto/02.JPG HTTP/1.1" 200 510615 "http://centre-kiev.kiev.ua/foto/foto.html" "Mozilla/5.0 (Windows NT 6.1) AppleWebKit/537.36 (KHTML, like Gecko) Chrome/54.0.2840.99 Safari/537.36"
95.132.27.178 - - [07/Dec/2016:08:42:34 +0200] "GET /foto/03.JPG HTTP/1.1" 200 486775 "http://centre-kiev.kiev.ua/foto/foto.html" "Mozilla/5.0 (Windows NT 6.1) AppleWebKit/537.36 (KHTML, like Gecko) Chrome/54.0.2840.99 Safari/537.36"
95.132.27.178 - - [07/Dec/2016:08:42:34 +0200] "GET /foto/09.JPG HTTP/1.1" 200 311776 "http://centre-kiev.kiev.ua/foto/foto.html" "Mozilla/5.0 (Windows NT 6.1) AppleWebKit/537.36 (KHTML, like Gecko) Chrome/54.0.2840.99 Safari/537.36"
