66.249.76.24 - - [07/Dec/2016:04:08:54 +0200] "GET /foto/03.JPG HTTP/1.0" 200 246 "-" "Googlebot-Image/1.0"
194.44.12.11 - - [07/Dec/2016:04:14:18 +0200] "GET /mz/img/01.jpg HTTP/1.0" 200 248 "-" "Mozilla/4.0 (compatible;)"
217.69.133.84 - - [07/Dec/2016:04:15:41 +0200] "GET /robots.txt HTTP/1.0" 200 471 "-" "Mozilla/5.0 (compatible; Linux x86_64; Mail.RU_Bot/2.0; +http://go.mail.ru/help/robots)"
217.69.133.249 - - [07/Dec/2016:04:31:48 +0200] "GET /robots.txt HTTP/1.0" 200 471 "-" "Mozilla/5.0 (compatible; Linux x86_64; Mail.RU_Bot/2.0; +http://go.mail.ru/help/robots)"
217.69.133.217 - - [07/Dec/2016:04:31:58 +0200] "GET /robots.txt HTTP/1.0" 200 471 "-" "Mozilla/5.0 (compatible; Linux x86_64; Mail.RU_Bot/2.0; +http://go.mail.ru/help/robots)"
217.69.133.253 - - [07/Dec/2016:04:34:55 +0200] "GET /robots.txt HTTP/1.0" 200 471 "-" "Mozilla/5.0 (compatible; Linux x86_64; Mail.RU_Bot/2.0; +http://go.mail.ru/help/robots)"
85.93.91.84 - - [07/Dec/2016:04:48:45 +0200] "GET /robots.txt HTTP/1.0" 200 471 "-" "Mozilla/5.0 (compatible; DeuSu/5.0.2; +https://deusu.de/robot.html)"
85.93.91.84 - - [07/Dec/2016:04:48:45 +0200] "GET / HTTP/1.0" 200 267 "-" "Mozilla/5.0 (compatible; DeuSu/5.0.2; +https://deusu.de/robot.html)"
217.69.133.18 - - [07/Dec/2016:04:59:14 +0200] "GET /robots.txt HTTP/1.0" 200 471 "-" "Mozilla/5.0 (compatible; Linux x86_64; Mail.RU_Bot/2.0; +http://go.mail.ru/help/robots)"
217.69.133.11 - - [07/Dec/2016:04:59:16 +0200] "GET /files/4.pdf HTTP/1.0" 404 871 "-" "Mozilla/5.0 (compatible; Linux x86_64; Mail.RU_Bot/2.0; +http://go.mail.ru/help/robots)"
217.69.133.219 - - [07/Dec/2016:05:09:07 +0200] "GET /robots.txt HTTP/1.0" 200 471 "-" "Mozilla/5.0 (compatible; Linux x86_64; Mail.RU_Bot/2.0; +http://go.mail.ru/help/robots)"
157.55.39.130 - - [07/Dec/2016:05:14:53 +0200] "GET /index.html HTTP/1.0" 200 312 "-" "Mozilla/5.0 (iPhone; CPU iPhone OS 7_0 like Mac OS X) AppleWebKit/537.51.1 (KHTML, like Gecko) Version/7.0 Mobile/11A465 Safari/9537.53 (compatible; bingbot/2.0; +http://www.bing.com/bingbot.htm)"
157.55.39.42 - - [07/Dec/2016:05:15:09 +0200] "GET /555.jpg HTTP/1.0" 200 242 "-" "Mozilla/5.0 (iPhone; CPU iPhone OS 7_0 like Mac OS X) AppleWebKit/537.51.1 (KHTML, like Gecko) Version/7.0 Mobile/11A465 Safari/9537.53 (compatible; bingbot/2.0; +http://www.bing.com/bingbot.htm)"
157.55.39.42 - - [07/Dec/2016:05:15:13 +0200] "GET /glav.css HTTP/1.0" 200 309 "-" "Mozilla/5.0 (iPhone; CPU iPhone OS 7_0 like Mac OS X) AppleWebKit/537.51.1 (KHTML, like Gecko) Version/7.0 Mobile/11A465 Safari/9537.53 (compatible; bingbot/2.0; +http://www.bing.com/bingbot.htm)"
157.55.39.42 - - [07/Dec/2016:05:15:13 +0200] "GET /im_diz/logo1.jpg HTTP/1.0" 200 251 "-" "Mozilla/5.0 (iPhone; CPU iPhone OS 7_0 like Mac OS X) AppleWebKit/537.51.1 (KHTML, like Gecko) Version/7.0 Mobile/11A465 Safari/9537.53 (compatible; bingbot/2.0; +http://www.bing.com/bingbot.htm)"
40.77.167.84 - - [07/Dec/2016:05:15:15 +0200] "GET /css/layout.css HTTP/1.0" 200 511 "-" "Mozilla/5.0 (iPhone; CPU iPhone OS 7_0 like Mac OS X) AppleWebKit/537.51.1 (KHTML, like Gecko) Version/7.0 Mobile/11A465 Safari/9537.53 (compatible; bingbot/2.0; +http://www.bing.com/bingbot.htm)"
40.77.167.84 - - [07/Dec/2016:05:15:16 +0200] "GET /css/menu.css HTTP/1.0" 200 313 "-" "Mozilla/5.0 (iPhone; CPU iPhone OS 7_0 like Mac OS X) AppleWebKit/537.51.1 (KHTML, like Gecko) Version/7.0 Mobile/11A465 Safari/9537.53 (compatible; bingbot/2.0; +http://www.bing.com/bingbot.htm)"
93.158.152.28 - - [07/Dec/2016:05:16:02 +0200] "GET /robots.txt HTTP/1.0" 200 671 "-" "Mozilla/5.0 (compatible; YandexBot/3.0; +http://yandex.com/bots)"
93.158.152.28 - - [07/Dec/2016:05:16:06 +0200] "GET /favicon.ico HTTP/1.0" 200 1433 "-" "Mozilla/5.0 (compatible; YandexBot/3.0; +http://yandex.com/bots)"
163.172.66.102 - - [07/Dec/2016:05:17:34 +0200] "GET /anketa/anketa.html HTTP/1.0" 200 320 "-" "Mozilla/5.0 (compatible; AhrefsBot/5.1; +http://ahrefs.com/robot/)"
157.55.39.204 - - [07/Dec/2016:05:45:23 +0200] "GET /keriv/kr.html HTTP/1.0" 200 315 "-" "Mozilla/5.0 (compatible; bingbot/2.0; +http://www.bing.com/bingbot.htm)"
157.55.39.204 - - [07/Dec/2016:05:45:23 +0200] "GET /files/Shan_sluh/local.pdf HTTP/1.0" 200 265 "-" "Mozilla/5.0 (compatible; bingbot/2.0; +http://www.bing.com/bingbot.htm)"
157.55.39.204 - - [07/Dec/2016:05:45:24 +0200] "GET /files/Shan_sluh/apeliac.pdf HTTP/1.0" 200 267 "-" "Mozilla/5.0 (compatible; bingbot/2.0; +http://www.bing.com/bingbot.htm)"
157.55.39.204 - - [07/Dec/2016:05:45:24 +0200] "GET /files/Shan_sluh/PZ_23.05.16.pdf HTTP/1.0" 200 271 "-" "Mozilla/5.0 (compatible; bingbot/2.0; +http://www.bing.com/bingbot.htm)"
157.55.39.204 - - [07/Dec/2016:05:45:24 +0200] "GET /dz/dz.html HTTP/1.0" 200 312 "-" "Mozilla/5.0 (compatible; bingbot/2.0; +http://www.bing.com/bingbot.htm)"
40.77.167.84 - - [07/Dec/2016:05:45:34 +0200] "GET /files/Shan_sluh/organizaciya.pdf HTTP/1.0" 200 272 "-" "Mozilla/5.0 (compatible; bingbot/2.0; +http://www.bing.com/bingbot.htm)"
40.77.167.84 - - [07/Dec/2016:05:45:35 +0200] "GET /files/Shan_sluh/fo12092016.pdf HTTP/1.0" 200 270 "-" "Mozilla/5.0 (compatible; bingbot/2.0; +http://www.bing.com/bingbot.htm)"
40.77.167.84 - - [07/Dec/2016:05:45:35 +0200] "GET /files/Shan_sluh/COP_23.05.16.pdf HTTP/1.0" 200 272 "-" "Mozilla/5.0 (compatible; bingbot/2.0; +http://www.bing.com/bingbot.htm)"
157.55.39.130 - - [07/Dec/2016:05:45:39 +0200] "GET /strkadr/111.html HTTP/1.0" 200 318 "-" "Mozilla/5.0 (compatible; bingbot/2.0; +http://www.bing.com/bingbot.htm)"
157.55.39.130 - - [07/Dec/2016:05:45:40 +0200] "GET /files/Shan_sluh/z2016.pdf HTTP/1.0" 200 265 "-" "Mozilla/5.0 (compatible; bingbot/2.0; +http://www.bing.com/bingbot.htm)"
157.55.39.130 - - [07/Dec/2016:05:45:40 +0200] "GET /files/Shan_sluh/pp2016.pdf HTTP/1.0" 200 266 "-" "Mozilla/5.0 (compatible; bingbot/2.0; +http://www.bing.com/bingbot.htm)"
157.55.39.130 - - [07/Dec/2016:05:45:41 +0200] "GET /files/Shan_sluh/pdv20162.pdf HTTP/1.0" 200 268 "-" "Mozilla/5.0 (compatible; bingbot/2.0; +http://www.bing.com/bingbot.htm)"
157.55.39.130 - - [07/Dec/2016:05:45:41 +0200] "GET /files/Shan_sluh/FO082016.pdf HTTP/1.0" 200 268 "-" "Mozilla/5.0 (compatible; bingbot/2.0; +http://www.bing.com/bingbot.htm)"
157.55.39.42 - - [07/Dec/2016:05:45:44 +0200] "GET /on/on.html HTTP/1.0" 200 312 "-" "Mozilla/5.0 (compatible; bingbot/2.0; +http://www.bing.com/bingbot.htm)"
157.55.39.42 - - [07/Dec/2016:05:45:44 +0200] "GET /files/Shan_sluh/PDV082016.pdf HTTP/1.0" 200 269 "-" "Mozilla/5.0 (compatible; bingbot/2.0; +http://www.bing.com/bingbot.htm)"
157.55.39.42 - - [07/Dec/2016:05:45:44 +0200] "GET /files/Shan_sluh/ACC_23.05.16.pdf HTTP/1.0" 200 272 "-" "Mozilla/5.0 (compatible; bingbot/2.0; +http://www.bing.com/bingbot.htm)"
157.55.39.42 - - [07/Dec/2016:05:45:45 +0200] "GET /anketa/anketa.html HTTP/1.0" 200 320 "-" "Mozilla/5.0 (compatible; bingbot/2.0; +http://www.bing.com/bingbot.htm)"
91.225.227.226 - - [07/Dec/2016:05:53:52 +0200] "GET /bib/files/nmm/OA16.pdf HTTP/1.0" 200 262 "-" "Opera/9.80 (Windows NT 6.1; WOW64) Presto/2.12.388 Version/12.17"
93.126.106.72 - - [07/Dec/2016:05:58:56 +0200] "GET /bib/files/nmm/OP16.pdf HTTP/1.0" 200 262 "https://www.google.com.ua/" "Mozilla/5.0 (Windows NT 6.1; WOW64) AppleWebKit/537.36 (KHTML, like Gecko) Chrome/54.0.2840.99 Safari/537.36"
93.126.106.72 - - [07/Dec/2016:05:58:56 +0200] "GET /favicon.ico HTTP/1.0" 200 1233 "http://www.centre-kiev.kiev.ua/bib/files/nmm/OP16.pdf" "Mozilla/5.0 (Windows NT 6.1; WOW64) AppleWebKit/537.36 (KHTML, like Gecko) Chrome/54.0.2840.99 Safari/537.36"
46.229.168.67 - - [07/Dec/2016:06:03:03 +0200] "GET /files/Shan_sluh/fo.pdf HTTP/1.0" 200 262 "-" "Mozilla/5.0 (compatible; SemrushBot/1.1~bl; +http://www.semrush.com/bot.html)"
66.249.76.23 - - [07/Dec/2016:06:19:34 +0200] "GET /glav_menu.css HTTP/1.0" 200 710 "http://www.centre-kiev.kiev.ua/" "Mozilla/5.0 (compatible; Googlebot/2.1; +http://www.google.com/bot.html)"
66.249.76.23 - - [07/Dec/2016:06:19:34 +0200] "GET /left_menu.css HTTP/1.0" 200 314 "http://www.centre-kiev.kiev.ua/" "Mozilla/5.0 (compatible; Googlebot/2.1; +http://www.google.com/bot.html)"
217.69.133.203 - - [07/Dec/2016:06:24:02 +0200] "GET /robots.txt HTTP/1.0" 200 471 "-" "Mozilla/5.0 (compatible; Linux x86_64; Mail.RU_Bot/2.0; +http://go.mail.ru/help/robots)"
217.69.133.4 - - [07/Dec/2016:06:24:06 +0200] "GET /files/29.04.2013.pdf HTTP/1.0" 404 871 "-" "Mozilla/5.0 (compatible; Linux x86_64; Mail.RU_Bot/2.0; +http://go.mail.ru/help/robots)"
217.69.133.248 - - [07/Dec/2016:06:40:16 +0200] "GET /robots.txt HTTP/1.0" 200 471 "-" "Mozilla/5.0 (compatible; Linux x86_64; Mail.RU_Bot/2.0; +http://go.mail.ru/help/robots)"
178.210.207.40 - - [07/Dec/2016:06:46:15 +0200] "GET /bib/files/nmm/KK16.pdf HTTP/1.0" 200 262 "http://yandex.ua/clck/jsredir?from=yandex.ua%3Bsearch%2F%3Bweb%3B%3B&text=&etext=1262.TXqlnfxMioc1GxPKiz1hkBb2AeCRcVBjBoo2taR2wxdr90JsYILa-aq76HMfoaPY9a7CKXn6Ojri_R03A6R7orOd429mBcO_H8H-E9pYuGeqGj1WU_rdwjkygY6Wl_cR.66d8fa6b54a4d7f0a340c7c63606a55ef61c3aa4&uuid=&state=PEtFfuTeVD5kpHnK9lio9T6U0-imFY5IshtIYWJN7W-V64A9Yd8Kv-PJgis4UdqY898U4_M9m956tHrW-K-B6Sjv1A9XA-GLHkdvgJY7ihU&data=UlNrNmk5WktYejR0eWJFYk1LdmtxbjI0SHcxc2ZLc0lldkhZTThRZExHV01QdTJMSEVVa192N2Q2cTdMSXdOTzNGNlpxaGE2U29MQUVYekxRdnZRQnQwLWR1T3lOdWE4VmtFcDJCUTd4dVh4X29QYndidUF2ZG03WVEzczNkVWR1b3BlZFlLMG5GaDFHRVpTckwycnpR&b64e=2&sign=6ac4492efdfa44cfc5ed9e22f4bd2051&keyno=0&cst=AiuY0DBWFJ4RhQyBNHa0i29CkXKA_V6Ddhykj5WRuv0_Yb826m5R64Bm03eg_aqcf7tYVaesTk4sSZAbU3Gk2UR46asAMdiKObcHxOnmUmZTVv1phD8hwoyIKJWlEE4I_QAP2P4GPbL1hcX4BBbX7kltKdgythCRmf3p6J2-p2nIwj4nCCoML9-u2ddN-jXC70yb2wKfLWihkItFhDM17iNAdEqB_zEDxl4_QqfrbY0pp9KJE5TOTBHKYAMsiS48hdNxHlidf3v5X9fo7kaZbgrEye7-4yay4d765wozHb_cHDR7a6QC7gx6S6gqccy-&ref=orjY4mGPRjmt1xzYuZsDZSKx6sHOF1RVkEePIVfruU7Pm5h7KciF-MmQchKatTAuR_0B0suSy0jt2vrsO76KEOhciNkzA6oYpKmGo3uO5qPgvfoZUhQDx9yewZgx24C5y_s17eSCdCoDzsprhlcAa-VMK4HRhuswlmp-B8tRnppxGymMTXVfHJB3aoz283oN6GyJHJKSE1bzyq-R0P1PPX17xXwEvXj4szhvBFraC8vGhwWr71R4ImJwPAA6jg1LN0Kmry2eSbHYyMGIpqzdVl_GNkV55uPp9D0Qqkju8O-MHlmyNKAdGerOK35TM-RyIMzzKHH7XrQEk5Q5qp7yZjHoG6S91BG_zdEVsngsMqJlsZuAMlOhUz_uUNEHfcU1c5uoDLFi8BYVKQFyZqgetA_aqk83PtSi5kcPRH7MVvlrdeVwvK-suR2unsZPKiMo8vBCThYi4oSi_90L28MsS-9hQiwTNvGgfuTzSeIdieaiPAzHt77sce8KtKVMdVOp3buIQHMOwzlziCn4Cfg_yq8ZBwecJhU_vsxfQ1fNm83WDKsK8yLSBcaO8q1DIrV9hPQuwYzKIV8GDJ2q8bwDoMbAtDfIQNTqJYoLTKE9GCpmGmSRnbprEEprV7-Auv_zXeLJ861fDnQMeQLsjrQ6_rmz2aMIh3k-jAPvZHgISrpsVTs5Up3PjdgCtpZm1CuLENfKoUcuGndnG0ymgukc5eVpMS3ySfOy&l10n=ru&cts=1481078816411&mc=5.299432357856835" "Mozilla/5.0 (Windows NT 5.1) AppleWebKit/537.36 (KHTML, like Gecko) Chrome/53.0.2785.143 YaBrowser/16.10.1.1116 Yowser/2.5 Safari/537.36"
178.210.207.40 - - [07/Dec/2016:06:46:16 +0200] "GET /favicon.ico HTTP/1.0" 200 1233 "http://www.centre-kiev.kiev.ua/bib/files/nmm/KK16.pdf" "Mozilla/5.0 (Windows NT 5.1) AppleWebKit/537.36 (KHTML, like Gecko) Chrome/53.0.2785.143 YaBrowser/16.10.1.1116 Yowser/2.5 Safari/537.36"
40.77.167.84 - - [07/Dec/2016:06:49:20 +0200] "GET /glav/glav_01.html HTTP/1.0" 200 319 "-" "Mozilla/5.0 (compatible; bingbot/2.0; +http://www.bing.com/bingbot.htm)"
157.55.39.42 - - [07/Dec/2016:06:49:33 +0200] "GET /glav.css HTTP/1.0" 200 309 "-" "Mozilla/5.0 (compatible; bingbot/2.0; +http://www.bing.com/bingbot.htm)"
157.55.39.42 - - [07/Dec/2016:06:49:33 +0200] "GET /glav_menu.css HTTP/1.0" 200 710 "-" "Mozilla/5.0 (compatible; bingbot/2.0; +http://www.bing.com/bingbot.htm)"
157.55.39.130 - - [07/Dec/2016:06:49:37 +0200] "GET /left_menu.css HTTP/1.0" 200 314 "-" "Mozilla/5.0 (compatible; bingbot/2.0; +http://www.bing.com/bingbot.htm)"
157.55.39.204 - - [07/Dec/2016:06:55:39 +0200] "GET /foto/cen6_13.html HTTP/1.0" 200 319 "-" "Mozilla/5.0 (iPhone; CPU iPhone OS 7_0 like Mac OS X) AppleWebKit/537.51.1 (KHTML, like Gecko) Version/7.0 Mobile/11A465 Safari/9537.53 (compatible; bingbot/2.0; +http://www.bing.com/bingbot.htm)"
157.55.39.204 - - [07/Dec/2016:06:55:39 +0200] "GET /foto/cen6_14.html HTTP/1.0" 200 319 "-" "Mozilla/5.0 (iPhone; CPU iPhone OS 7_0 like Mac OS X) AppleWebKit/537.51.1 (KHTML, like Gecko) Version/7.0 Mobile/11A465 Safari/9537.53 (compatible; bingbot/2.0; +http://www.bing.com/bingbot.htm)"
40.77.167.84 - - [07/Dec/2016:06:55:43 +0200] "GET /foto/cen6_12.html HTTP/1.0" 200 319 "-" "Mozilla/5.0 (iPhone; CPU iPhone OS 7_0 like Mac OS X) AppleWebKit/537.51.1 (KHTML, like Gecko) Version/7.0 Mobile/11A465 Safari/9537.53 (compatible; bingbot/2.0; +http://www.bing.com/bingbot.htm)"
40.77.167.84 - - [07/Dec/2016:06:55:43 +0200] "GET /foto/cen6_15.html HTTP/1.0" 200 319 "-" "Mozilla/5.0 (iPhone; CPU iPhone OS 7_0 like Mac OS X) AppleWebKit/537.51.1 (KHTML, like Gecko) Version/7.0 Mobile/11A465 Safari/9537.53 (compatible; bingbot/2.0; +http://www.bing.com/bingbot.htm)"
217.69.133.4 - - [07/Dec/2016:07:00:10 +0200] "GET /robots.txt HTTP/1.0" 200 471 "-" "Mozilla/5.0 (compatible; Linux x86_64; Mail.RU_Bot/2.0; +http://go.mail.ru/help/robots)"
217.69.133.9 - - [07/Dec/2016:07:00:12 +0200] "GET /strkadr/1.pdf HTTP/1.0" 404 871 "-" "Mozilla/5.0 (compatible; Linux x86_64; Mail.RU_Bot/2.0; +http://go.mail.ru/help/robots)"
163.172.66.152 - - [07/Dec/2016:07:04:21 +0200] "GET /foto/cen1_3.html HTTP/1.0" 200 318 "-" "Mozilla/5.0 (compatible; AhrefsBot/5.1; +http://ahrefs.com/robot/)"
66.249.66.135 - - [07/Dec/2016:07:07:34 +0200] "GET /robots.txt HTTP/1.0" 200 743 "-" "Mozilla/5.0 (compatible; Googlebot/2.1; +http://www.google.com/bot.html)"
66.249.76.81 - - [07/Dec/2016:07:07:34 +0200] "GET /index.html HTTP/1.0" 200 570 "-" "Mozilla/5.0 (compatible; Googlebot/2.1; +http://www.google.com/bot.html)"
217.69.133.18 - - [07/Dec/2016:07:20:07 +0200] "GET /robots.txt HTTP/1.0" 200 471 "-" "Mozilla/5.0 (compatible; Linux x86_64; Mail.RU_Bot/2.0; +http://go.mail.ru/help/robots)"
217.69.133.12 - - [07/Dec/2016:07:20:08 +0200] "GET /proto_site/foto/cen5_02.html HTTP/1.0" 404 871 "-" "Mozilla/5.0 (compatible; Linux x86_64; Mail.RU_Bot/2.0; +http://go.mail.ru/help/robots)"
104.131.186.156 - - [07/Dec/2016:07:20:13 +0200] "GET / HTTP/1.0" 200 267 "-" "Digincore crawler bot. See https://www.digincore.com/crawler.html for rules and instructions."
217.69.133.72 - - [07/Dec/2016:07:38:48 +0200] "GET /robots.txt HTTP/1.0" 200 471 "-" "Mozilla/5.0 (compatible; Linux x86_64; Mail.RU_Bot/2.0; +http://go.mail.ru/help/robots)"
217.69.133.30 - - [07/Dec/2016:07:38:50 +0200] "GET /info/info_09_1.html HTTP/1.0" 404 871 "-" "Mozilla/5.0 (compatible; Linux x86_64; Mail.RU_Bot/2.0; +http://go.mail.ru/help/robots)"
217.69.133.67 - - [07/Dec/2016:07:40:14 +0200] "GET /robots.txt HTTP/1.0" 200 471 "-" "Mozilla/5.0 (compatible; Linux x86_64; Mail.RU_Bot/2.0; +http://go.mail.ru/help/robots)"
46.30.167.123 - - [07/Dec/2016:07:41:23 +0200] "GET /bib/files/nmm/MB16.pdf HTTP/1.0" 200 262 "https://www.google.com.ua/" "Mozilla/5.0 (Windows NT 10.0; WOW64) AppleWebKit/537.36 (KHTML, like Gecko) Chrome/54.0.2840.99 Safari/537.36"
46.30.167.123 - - [07/Dec/2016:07:41:23 +0200] "GET /favicon.ico HTTP/1.0" 200 1233 "http://www.centre-kiev.kiev.ua/bib/files/nmm/MB16.pdf" "Mozilla/5.0 (Windows NT 10.0; WOW64) AppleWebKit/537.36 (KHTML, like Gecko) Chrome/54.0.2840.99 Safari/537.36"
46.30.167.123 - - [07/Dec/2016:07:41:24 +0200] "GET /bib/files/nmm/MB16.pdf HTTP/1.0" 200 262 "http://www.centre-kiev.kiev.ua/bib/files/nmm/MB16.pdf" "Mozilla/5.0 (Windows NT 10.0; WOW64) AppleWebKit/537.36 (KHTML, like Gecko) Chrome/54.0.2840.99 Safari/537.36"
149.202.72.198 - - [07/Dec/2016:07:43:36 +0200] "GET / HTTP/1.0" 200 312 "-" "Mozilla/5.0 (X11; Ubuntu; Linux x86_64; rv:50.0) Gecko/20100101 Firefox/50.0"
194.44.12.11 - - [07/Dec/2016:07:44:24 +0200] "GET /foto/025.JPG HTTP/1.0" 200 247 "-" "Mozilla/4.0 (compatible;)"
157.55.39.204 - - [07/Dec/2016:08:02:19 +0200] "GET /foto/cen6_07.html HTTP/1.0" 200 319 "-" "Mozilla/5.0 (iPhone; CPU iPhone OS 7_0 like Mac OS X) AppleWebKit/537.51.1 (KHTML, like Gecko) Version/7.0 Mobile/11A465 Safari/9537.53 (compatible; bingbot/2.0; +http://www.bing.com/bingbot.htm)"
157.55.39.42 - - [07/Dec/2016:08:02:35 +0200] "GET /glav.css HTTP/1.0" 200 309 "-" "Mozilla/5.0 (iPhone; CPU iPhone OS 7_0 like Mac OS X) AppleWebKit/537.51.1 (KHTML, like Gecko) Version/7.0 Mobile/11A465 Safari/9537.53 (compatible; bingbot/2.0; +http://www.bing.com/bingbot.htm)"
157.55.39.130 - - [07/Dec/2016:08:02:35 +0200] "GET /left_menu.css HTTP/1.0" 200 314 "-" "Mozilla/5.0 (iPhone; CPU iPhone OS 7_0 like Mac OS X) AppleWebKit/537.51.1 (KHTML, like Gecko) Version/7.0 Mobile/11A465 Safari/9537.53 (compatible; bingbot/2.0; +http://www.bing.com/bingbot.htm)"
157.55.39.42 - - [07/Dec/2016:08:02:36 +0200] "GET /glav_menu.css HTTP/1.0" 200 710 "-" "Mozilla/5.0 (iPhone; CPU iPhone OS 7_0 like Mac OS X) AppleWebKit/537.51.1 (KHTML, like Gecko) Version/7.0 Mobile/11A465 Safari/9537.53 (compatible; bingbot/2.0; +http://www.bing.com/bingbot.htm)"
46.202.227.69 - - [07/Dec/2016:08:03:27 +0200] "GET / HTTP/1.0" 200 312 "https://yandex.ua/maps/org/tsentr_perepidhotovky_ta_pidvyshchennia_kvalifikatsii_kerivnykh_kadriv_ministerstva_dokhodiv_i_zboriv_ukrainy/1013406391?source=wizbiz_new_text_single" "Mozilla/5.0 (Windows NT 10.0; Win64; x64) AppleWebKit/537.36 (KHTML, like Gecko) Chrome/54.0.2840.99 Safari/537.36"
46.202.227.69 - - [07/Dec/2016:08:03:27 +0200] "GET /menu.css HTTP/1.0" 200 309 "http://www.centre-kiev.kiev.ua/" "Mozilla/5.0 (Windows NT 10.0; Win64; x64) AppleWebKit/537.36 (KHTML, like Gecko) Chrome/54.0.2840.99 Safari/537.36"
46.202.227.69 - - [07/Dec/2016:08:03:27 +0200] "GET /glav.css HTTP/1.0" 200 309 "http://www.centre-kiev.kiev.ua/" "Mozilla/5.0 (Windows NT 10.0; Win64; x64) AppleWebKit/537.36 (KHTML, like Gecko) Chrome/54.0.2840.99 Safari/537.36"
46.202.227.69 - - [07/Dec/2016:08:03:27 +0200] "GET /css/layout.css HTTP/1.0" 200 511 "http://www.centre-kiev.kiev.ua/" "Mozilla/5.0 (Windows NT 10.0; Win64; x64) AppleWebKit/537.36 (KHTML, like Gecko) Chrome/54.0.2840.99 Safari/537.36"
46.202.227.69 - - [07/Dec/2016:08:03:27 +0200] "GET /css/menu.css HTTP/1.0" 200 313 "http://www.centre-kiev.kiev.ua/" "Mozilla/5.0 (Windows NT 10.0; Win64; x64) AppleWebKit/537.36 (KHTML, like Gecko) Chrome/54.0.2840.99 Safari/537.36"
46.202.227.69 - - [07/Dec/2016:08:03:27 +0200] "GET /im_diz/logo1.jpg HTTP/1.0" 200 251 "http://www.centre-kiev.kiev.ua/" "Mozilla/5.0 (Windows NT 10.0; Win64; x64) AppleWebKit/537.36 (KHTML, like Gecko) Chrome/54.0.2840.99 Safari/537.36"
46.202.227.69 - - [07/Dec/2016:08:03:27 +0200] "GET /555.jpg HTTP/1.0" 200 242 "http://www.centre-kiev.kiev.ua/" "Mozilla/5.0 (Windows NT 10.0; Win64; x64) AppleWebKit/537.36 (KHTML, like Gecko) Chrome/54.0.2840.99 Safari/537.36"
46.202.227.69 - - [07/Dec/2016:08:03:27 +0200] "GET //files/vk.png HTTP/1.0" 200 246 "http://www.centre-kiev.kiev.ua/" "Mozilla/5.0 (Windows NT 10.0; Win64; x64) AppleWebKit/537.36 (KHTML, like Gecko) Chrome/54.0.2840.99 Safari/537.36"
46.202.227.69 - - [07/Dec/2016:08:03:27 +0200] "GET /bib/img/01.png HTTP/1.0" 200 248 "http://www.centre-kiev.kiev.ua/" "Mozilla/5.0 (Windows NT 10.0; Win64; x64) AppleWebKit/537.36 (KHTML, like Gecko) Chrome/54.0.2840.99 Safari/537.36"
46.202.227.69 - - [07/Dec/2016:08:03:27 +0200] "GET /baner/sta_new_small.jpg HTTP/1.0" 200 258 "http://www.centre-kiev.kiev.ua/" "Mozilla/5.0 (Windows NT 10.0; Win64; x64) AppleWebKit/537.36 (KHTML, like Gecko) Chrome/54.0.2840.99 Safari/537.36"
46.202.227.69 - - [07/Dec/2016:08:03:27 +0200] "GET /baner/logo_cpn.png HTTP/1.0" 200 252 "http://www.centre-kiev.kiev.ua/" "Mozilla/5.0 (Windows NT 10.0; Win64; x64) AppleWebKit/537.36 (KHTML, like Gecko) Chrome/54.0.2840.99 Safari/537.36"
46.202.227.69 - - [07/Dec/2016:08:03:28 +0200] "GET /baner/visnuk.gif HTTP/1.0" 200 250 "http://www.centre-kiev.kiev.ua/" "Mozilla/5.0 (Windows NT 10.0; Win64; x64) AppleWebKit/537.36 (KHTML, like Gecko) Chrome/54.0.2840.99 Safari/537.36"
46.202.227.69 - - [07/Dec/2016:08:03:28 +0200] "GET /baner/bann_kozyn_new.png HTTP/1.0" 200 258 "http://www.centre-kiev.kiev.ua/" "Mozilla/5.0 (Windows NT 10.0; Win64; x64) AppleWebKit/537.36 (KHTML, like Gecko) Chrome/54.0.2840.99 Safari/537.36"
46.202.227.69 - - [07/Dec/2016:08:03:37 +0200] "GET /favicon.ico HTTP/1.0" 200 1233 "http://www.centre-kiev.kiev.ua/" "Mozilla/5.0 (Windows NT 10.0; Win64; x64) AppleWebKit/537.36 (KHTML, like Gecko) Chrome/54.0.2840.99 Safari/537.36"
66.249.76.23 - - [07/Dec/2016:08:03:43 +0200] "GET /foto/foto%20560x420/504.jpg HTTP/1.0" 200 260 "-" "Googlebot-Image/1.0"
46.202.227.69 - - [07/Dec/2016:08:03:53 +0200] "GET /info/is.html HTTP/1.0" 200 314 "http://www.centre-kiev.kiev.ua/" "Mozilla/5.0 (Windows NT 10.0; Win64; x64) AppleWebKit/537.36 (KHTML, like Gecko) Chrome/54.0.2840.99 Safari/537.36"
46.202.227.69 - - [07/Dec/2016:08:03:54 +0200] "GET /info/css/layout.css HTTP/1.0" 404 871 "http://www.centre-kiev.kiev.ua/info/is.html" "Mozilla/5.0 (Windows NT 10.0; Win64; x64) AppleWebKit/537.36 (KHTML, like Gecko) Chrome/54.0.2840.99 Safari/537.36"
46.202.227.69 - - [07/Dec/2016:08:03:54 +0200] "GET /info/css/menu.css HTTP/1.0" 404 871 "http://www.centre-kiev.kiev.ua/info/is.html" "Mozilla/5.0 (Windows NT 10.0; Win64; x64) AppleWebKit/537.36 (KHTML, like Gecko) Chrome/54.0.2840.99 Safari/537.36"
46.202.227.69 - - [07/Dec/2016:08:04:25 +0200] "GET /dn/dn.html HTTP/1.0" 200 312 "http://www.centre-kiev.kiev.ua/" "Mozilla/5.0 (Windows NT 10.0; Win64; x64) AppleWebKit/537.36 (KHTML, like Gecko) Chrome/54.0.2840.99 Safari/537.36"
46.202.227.69 - - [07/Dec/2016:08:04:26 +0200] "GET /dn/css/layout.css HTTP/1.0" 404 871 "http://www.centre-kiev.kiev.ua/dn/dn.html" "Mozilla/5.0 (Windows NT 10.0; Win64; x64) AppleWebKit/537.36 (KHTML, like Gecko) Chrome/54.0.2840.99 Safari/537.36"
46.202.227.69 - - [07/Dec/2016:08:04:26 +0200] "GET /dn/css/menu.css HTTP/1.0" 404 871 "http://www.centre-kiev.kiev.ua/dn/dn.html" "Mozilla/5.0 (Windows NT 10.0; Win64; x64) AppleWebKit/537.36 (KHTML, like Gecko) Chrome/54.0.2840.99 Safari/537.36"
157.55.39.204 - - [07/Dec/2016:08:13:46 +0200] "GET /mz/mz.html HTTP/1.0" 200 312 "-" "Mozilla/5.0 (iPhone; CPU iPhone OS 7_0 like Mac OS X) AppleWebKit/537.51.1 (KHTML, like Gecko) Version/7.0 Mobile/11A465 Safari/9537.53 (compatible; bingbot/2.0; +http://www.bing.com/bingbot.htm)"
157.55.39.42 - - [07/Dec/2016:08:13:59 +0200] "GET /mz/css/layout.css HTTP/1.0" 404 871 "-" "Mozilla/5.0 (iPhone; CPU iPhone OS 7_0 like Mac OS X) AppleWebKit/537.51.1 (KHTML, like Gecko) Version/7.0 Mobile/11A465 Safari/9537.53 (compatible; bingbot/2.0; +http://www.bing.com/bingbot.htm)"
157.55.39.130 - - [07/Dec/2016:08:14:09 +0200] "GET /mz/css/menu.css HTTP/1.0" 404 871 "-" "Mozilla/5.0 (iPhone; CPU iPhone OS 7_0 like Mac OS X) AppleWebKit/537.51.1 (KHTML, like Gecko) Version/7.0 Mobile/11A465 Safari/9537.53 (compatible; bingbot/2.0; +http://www.bing.com/bingbot.htm)"
66.249.76.24 - - [07/Dec/2016:04:08:54 +0200] "GET /foto/03.JPG HTTP/1.1" 200 486775 "-" "Googlebot-Image/1.0"
194.44.12.11 - - [07/Dec/2016:04:14:18 +0200] "GET /mz/img/01.jpg HTTP/1.1" 200 89504 "-" "Mozilla/4.0 (compatible;)"
85.93.91.84 - - [07/Dec/2016:04:48:45 +0200] "GET / HTTP/1.0" 200 7656 "-" "Mozilla/5.0 (compatible; DeuSu/5.0.2; +https://deusu.de/robot.html)"
157.55.39.130 - - [07/Dec/2016:05:14:53 +0200] "GET /index.html HTTP/1.1" 200 7656 "-" "Mozilla/5.0 (iPhone; CPU iPhone OS 7_0 like Mac OS X) AppleWebKit/537.51.1 (KHTML, like Gecko) Version/7.0 Mobile/11A465 Safari/9537.53 (compatible; bingbot/2.0; +http://www.bing.com/bingbot.htm)"
157.55.39.42 - - [07/Dec/2016:05:15:12 +0200] "GET /555.jpg HTTP/1.1" 200 937281 "-" "Mozilla/5.0 (iPhone; CPU iPhone OS 7_0 like Mac OS X) AppleWebKit/537.51.1 (KHTML, like Gecko) Version/7.0 Mobile/11A465 Safari/9537.53 (compatible; bingbot/2.0; +http://www.bing.com/bingbot.htm)"
157.55.39.42 - - [07/Dec/2016:05:15:13 +0200] "GET /glav.css HTTP/1.1" 200 1262 "-" "Mozilla/5.0 (iPhone; CPU iPhone OS 7_0 like Mac OS X) AppleWebKit/537.51.1 (KHTML, like Gecko) Version/7.0 Mobile/11A465 Safari/9537.53 (compatible; bingbot/2.0; +http://www.bing.com/bingbot.htm)"
157.55.39.42 - - [07/Dec/2016:05:15:13 +0200] "GET /im_diz/logo1.jpg HTTP/1.1" 200 125984 "-" "Mozilla/5.0 (iPhone; CPU iPhone OS 7_0 like Mac OS X) AppleWebKit/537.51.1 (KHTML, like Gecko) Version/7.0 Mobile/11A465 Safari/9537.53 (compatible; bingbot/2.0; +http://www.bing.com/bingbot.htm)"
40.77.167.84 - - [07/Dec/2016:05:15:16 +0200] "GET /css/menu.css HTTP/1.1" 200 2331 "-" "Mozilla/5.0 (iPhone; CPU iPhone OS 7_0 like Mac OS X) AppleWebKit/537.51.1 (KHTML, like Gecko) Version/7.0 Mobile/11A465 Safari/9537.53 (compatible; bingbot/2.0; +http://www.bing.com/bingbot.htm)"
163.172.66.102 - - [07/Dec/2016:05:17:34 +0200] "GET /anketa/anketa.html HTTP/1.1" 200 8873 "-" "Mozilla/5.0 (compatible; AhrefsBot/5.1; +http://ahrefs.com/robot/)"
157.55.39.204 - - [07/Dec/2016:05:45:23 +0200] "GET /keriv/kr.html HTTP/1.1" 200 9106 "-" "Mozilla/5.0 (compatible; bingbot/2.0; +http://www.bing.com/bingbot.htm)"
157.55.39.204 - - [07/Dec/2016:05:45:23 +0200] "GET /files/Shan_sluh/local.pdf HTTP/1.1" 200 17040 "-" "Mozilla/5.0 (compatible; bingbot/2.0; +http://www.bing.com/bingbot.htm)"
157.55.39.204 - - [07/Dec/2016:05:45:24 +0200] "GET /files/Shan_sluh/apeliac.pdf HTTP/1.1" 200 15620 "-" "Mozilla/5.0 (compatible; bingbot/2.0; +http://www.bing.com/bingbot.htm)"
157.55.39.204 - - [07/Dec/2016:05:45:24 +0200] "GET /files/Shan_sluh/PZ_23.05.16.pdf HTTP/1.1" 200 15620 "-" "Mozilla/5.0 (compatible; bingbot/2.0; +http://www.bing.com/bingbot.htm)"
157.55.39.204 - - [07/Dec/2016:05:45:24 +0200] "GET /dz/dz.html HTTP/1.1" 200 10006 "-" "Mozilla/5.0 (compatible; bingbot/2.0; +http://www.bing.com/bingbot.htm)"
40.77.167.84 - - [07/Dec/2016:05:45:35 +0200] "GET /files/Shan_sluh/organizaciya.pdf HTTP/1.1" 200 15620 "-" "Mozilla/5.0 (compatible; bingbot/2.0; +http://www.bing.com/bingbot.htm)"
40.77.167.84 - - [07/Dec/2016:05:45:35 +0200] "GET /files/Shan_sluh/fo12092016.pdf HTTP/1.1" 200 15620 "-" "Mozilla/5.0 (compatible; bingbot/2.0; +http://www.bing.com/bingbot.htm)"
40.77.167.84 - - [07/Dec/2016:05:45:35 +0200] "GET /files/Shan_sluh/COP_23.05.16.pdf HTTP/1.1" 200 15620 "-" "Mozilla/5.0 (compatible; bingbot/2.0; +http://www.bing.com/bingbot.htm)"
157.55.39.130 - - [07/Dec/2016:05:45:39 +0200] "GET /strkadr/111.html HTTP/1.1" 200 9772 "-" "Mozilla/5.0 (compatible; bingbot/2.0; +http://www.bing.com/bingbot.htm)"
157.55.39.130 - - [07/Dec/2016:05:45:40 +0200] "GET /files/Shan_sluh/z2016.pdf HTTP/1.1" 200 63900 "-" "Mozilla/5.0 (compatible; bingbot/2.0; +http://www.bing.com/bingbot.htm)"
157.55.39.130 - - [07/Dec/2016:05:45:40 +0200] "GET /files/Shan_sluh/pp2016.pdf HTTP/1.1" 200 56800 "-" "Mozilla/5.0 (compatible; bingbot/2.0; +http://www.bing.com/bingbot.htm)"
157.55.39.130 - - [07/Dec/2016:05:45:41 +0200] "GET /files/Shan_sluh/pdv20162.pdf HTTP/1.1" 200 15620 "-" "Mozilla/5.0 (compatible; bingbot/2.0; +http://www.bing.com/bingbot.htm)"
157.55.39.130 - - [07/Dec/2016:05:45:41 +0200] "GET /files/Shan_sluh/FO082016.pdf HTTP/1.1" 200 44020 "-" "Mozilla/5.0 (compatible; bingbot/2.0; +http://www.bing.com/bingbot.htm)"
157.55.39.42 - - [07/Dec/2016:05:45:44 +0200] "GET /on/on.html HTTP/1.1" 200 10504 "-" "Mozilla/5.0 (compatible; bingbot/2.0; +http://www.bing.com/bingbot.htm)"
157.55.39.42 - - [07/Dec/2016:05:45:44 +0200] "GET /files/Shan_sluh/PDV082016.pdf HTTP/1.1" 200 17040 "-" "Mozilla/5.0 (compatible; bingbot/2.0; +http://www.bing.com/bingbot.htm)"
157.55.39.42 - - [07/Dec/2016:05:45:44 +0200] "GET /files/Shan_sluh/ACC_23.05.16.pdf HTTP/1.1" 200 15620 "-" "Mozilla/5.0 (compatible; bingbot/2.0; +http://www.bing.com/bingbot.htm)"
157.55.39.42 - - [07/Dec/2016:05:45:45 +0200] "GET /anketa/anketa.html HTTP/1.1" 200 8873 "-" "Mozilla/5.0 (compatible; bingbot/2.0; +http://www.bing.com/bingbot.htm)"
91.225.227.226 - - [07/Dec/2016:05:53:52 +0200] "GET /bib/files/nmm/OA16.pdf HTTP/1.1" 200 17520 "-" "Opera/9.80 (Windows NT 6.1; WOW64) Presto/2.12.388 Version/12.17"
93.126.106.72 - - [07/Dec/2016:05:58:56 +0200] "GET /bib/files/nmm/OP16.pdf HTTP/1.1" 200 1073545 "https://www.google.com.ua/" "Mozilla/5.0 (Windows NT 6.1; WOW64) AppleWebKit/537.36 (KHTML, like Gecko) Chrome/54.0.2840.99 Safari/537.36"
46.229.168.67 - - [07/Dec/2016:06:03:07 +0200] "GET /files/Shan_sluh/fo.pdf HTTP/1.1" 200 236907 "-" "Mozilla/5.0 (compatible; SemrushBot/1.1~bl; +http://www.semrush.com/bot.html)"
66.249.76.23 - - [07/Dec/2016:06:19:34 +0200] "GET /left_menu.css HTTP/1.1" 200 1652 "http://www.centre-kiev.kiev.ua/" "Mozilla/5.0 (compatible; Googlebot/2.1; +http://www.google.com/bot.html)"
178.210.207.40 - - [07/Dec/2016:06:46:16 +0200] "GET /bib/files/nmm/KK16.pdf HTTP/1.1" 200 983565 "http://yandex.ua/clck/jsredir?from=yandex.ua%3Bsearch%2F%3Bweb%3B%3B&text=&etext=1262.TXqlnfxMioc1GxPKiz1hkBb2AeCRcVBjBoo2taR2wxdr90JsYILa-aq76HMfoaPY9a7CKXn6Ojri_R03A6R7orOd429mBcO_H8H-E9pYuGeqGj1WU_rdwjkygY6Wl_cR.66d8fa6b54a4d7f0a340c7c63606a55ef61c3aa4&uuid=&state=PEtFfuTeVD5kpHnK9lio9T6U0-imFY5IshtIYWJN7W-V64A9Yd8Kv-PJgis4UdqY898U4_M9m956tHrW-K-B6Sjv1A9XA-GLHkdvgJY7ihU&data=UlNrNmk5WktYejR0eWJFYk1LdmtxbjI0SHcxc2ZLc0lldkhZTThRZExHV01QdTJMSEVVa192N2Q2cTdMSXdOTzNGNlpxaGE2U29MQUVYekxRdnZRQnQwLWR1T3lOdWE4VmtFcDJCUTd4dVh4X29QYndidUF2ZG03WVEzczNkVWR1b3BlZFlLMG5GaDFHRVpTckwycnpR&b64e=2&sign=6ac4492efdfa44cfc5ed9e22f4bd2051&keyno=0&cst=AiuY0DBWFJ4RhQyBNHa0i29CkXKA_V6Ddhykj5WRuv0_Yb826m5R64Bm03eg_aqcf7tYVaesTk4sSZAbU3Gk2UR46asAMdiKObcHxOnmUmZTVv1phD8hwoyIKJWlEE4I_QAP2P4GPbL1hcX4BBbX7kltKdgythCRmf3p6J2-p2nIwj4nCCoML9-u2ddN-jXC70yb2wKfLWihkItFhDM17iNAdEqB_zEDxl4_QqfrbY0pp9KJE5TOTBHKYAMsiS48hdNxHlidf3v5X9fo7kaZbgrEye7-4yay4d765wozHb_cHDR7a6QC7gx6S6gqccy-&ref=orjY4mGPRjmt1xzYuZsDZSKx6sHOF1RVkEePIVfruU7Pm5h7KciF-MmQchKatTAuR_0B0suSy0jt2vrsO76KEOhciNkzA6oYpKmGo3uO5qPgvfoZUhQDx9yewZgx24C5y_s17eSCdCoDzsprhlcAa-VMK4HRhuswlmp-B8tRnppxGymMTXVfHJB3aoz283oN6GyJHJKSE1bzyq-R0P1PPX17xXwEvXj4szhvBFraC8vGhwWr71R4ImJwPAA6jg1LN0Kmry2eSbHYyMGIpqzdVl_GNkV55uPp9D0Qqkju8O-MHlmyNKAdGerOK35TM-RyIMzzKHH7XrQEk5Q5qp7yZjHoG6S91BG_zdEVsngsMqJlsZuAMlOhUz_uUNEHfcU1c5uoDLFi8BYVKQFyZqgetA_aqk83PtSi5kcPRH7MVvlrdeVwvK-suR2unsZPKiMo8vBCThYi4oSi_90L28MsS-9hQiwTNvGgfuTzSeIdieaiPAzHt77sce8KtKVMdVOp3buIQHMOwzlziCn4Cfg_yq8ZBwecJhU_vsxfQ1fNm83WDKsK8yLSBcaO8q1DIrV9hPQuwYzKIV8GDJ2q8bwDoMbAtDfIQNTqJYoLTKE9GCpmGmSRnbprEEprV7-Auv_zXeLJ861fDnQMeQLsjrQ6_rmz2aMIh3k-jAPvZHgISrpsVTs5Up3PjdgCtpZm1CuLENfKoUcuGndnG0ymgukc5eVpMS3ySfOy&l10n=ru&cts=1481078816411&mc=5.299432357856835" "Mozilla/5.0 (Windows NT 5.1) AppleWebKit/537.36 (KHTML, like Gecko) Chrome/53.0.2785.143 YaBrowser/16.10.1.1116 Yowser/2.5 Safari/537.36"
40.77.167.84 - - [07/Dec/2016:06:49:20 +0200] "GET /glav/glav_01.html HTTP/1.1" 200 5190 "-" "Mozilla/5.0 (compatible; bingbot/2.0; +http://www.bing.com/bingbot.htm)"
157.55.39.42 - - [07/Dec/2016:06:49:33 +0200] "GET /glav.css HTTP/1.1" 200 1262 "-" "Mozilla/5.0 (compatible; bingbot/2.0; +http://www.bing.com/bingbot.htm)"
157.55.39.130 - - [07/Dec/2016:06:49:37 +0200] "GET /left_menu.css HTTP/1.1" 200 1652 "-" "Mozilla/5.0 (compatible; bingbot/2.0; +http://www.bing.com/bingbot.htm)"
157.55.39.204 - - [07/Dec/2016:06:55:39 +0200] "GET /foto/cen6_13.html HTTP/1.1" 200 5545 "-" "Mozilla/5.0 (iPhone; CPU iPhone OS 7_0 like Mac OS X) AppleWebKit/537.51.1 (KHTML, like Gecko) Version/7.0 Mobile/11A465 Safari/9537.53 (compatible; bingbot/2.0; +http://www.bing.com/bingbot.htm)"
157.55.39.204 - - [07/Dec/2016:06:55:39 +0200] "GET /foto/cen6_14.html HTTP/1.1" 200 5545 "-" "Mozilla/5.0 (iPhone; CPU iPhone OS 7_0 like Mac OS X) AppleWebKit/537.51.1 (KHTML, like Gecko) Version/7.0 Mobile/11A465 Safari/9537.53 (compatible; bingbot/2.0; +http://www.bing.com/bingbot.htm)"
40.77.167.84 - - [07/Dec/2016:06:55:43 +0200] "GET /foto/cen6_12.html HTTP/1.1" 200 5547 "-" "Mozilla/5.0 (iPhone; CPU iPhone OS 7_0 like Mac OS X) AppleWebKit/537.51.1 (KHTML, like Gecko) Version/7.0 Mobile/11A465 Safari/9537.53 (compatible; bingbot/2.0; +http://www.bing.com/bingbot.htm)"
40.77.167.84 - - [07/Dec/2016:06:55:43 +0200] "GET /foto/cen6_15.html HTTP/1.1" 200 5441 "-" "Mozilla/5.0 (iPhone; CPU iPhone OS 7_0 like Mac OS X) AppleWebKit/537.51.1 (KHTML, like Gecko) Version/7.0 Mobile/11A465 Safari/9537.53 (compatible; bingbot/2.0; +http://www.bing.com/bingbot.htm)"
163.172.66.152 - - [07/Dec/2016:07:04:21 +0200] "GET /foto/cen1_3.html HTTP/1.1" 200 5582 "-" "Mozilla/5.0 (compatible; AhrefsBot/5.1; +http://ahrefs.com/robot/)"
104.131.186.156 - - [07/Dec/2016:07:20:13 +0200] "GET / HTTP/1.1" 200 7656 "-" "Digincore crawler bot. See https://www.digincore.com/crawler.html for rules and instructions."
46.30.167.123 - - [07/Dec/2016:07:41:24 +0200] "GET /bib/files/nmm/MB16.pdf HTTP/1.1" 200 528520 "https://www.google.com.ua/" "Mozilla/5.0 (Windows NT 10.0; WOW64) AppleWebKit/537.36 (KHTML, like Gecko) Chrome/54.0.2840.99 Safari/537.36"
46.30.167.123 - - [07/Dec/2016:07:41:26 +0200] "GET /bib/files/nmm/MB16.pdf HTTP/1.1" 206 1622759 "http://www.centre-kiev.kiev.ua/bib/files/nmm/MB16.pdf" "Mozilla/5.0 (Windows NT 10.0; WOW64) AppleWebKit/537.36 (KHTML, like Gecko) Chrome/54.0.2840.99 Safari/537.36"
149.202.72.198 - - [07/Dec/2016:07:43:36 +0200] "GET / HTTP/1.1" 200 7656 "-" "Mozilla/5.0 (X11; Ubuntu; Linux x86_64; rv:50.0) Gecko/20100101 Firefox/50.0"
194.44.12.11 - - [07/Dec/2016:07:44:24 +0200] "GET /foto/025.JPG HTTP/1.1" 200 1714585 "-" "Mozilla/4.0 (compatible;)"
157.55.39.204 - - [07/Dec/2016:08:02:19 +0200] "GET /foto/cen6_07.html HTTP/1.1" 200 5547 "-" "Mozilla/5.0 (iPhone; CPU iPhone OS 7_0 like Mac OS X) AppleWebKit/537.51.1 (KHTML, like Gecko) Version/7.0 Mobile/11A465 Safari/9537.53 (compatible; bingbot/2.0; +http://www.bing.com/bingbot.htm)"
157.55.39.42 - - [07/Dec/2016:08:02:35 +0200] "GET /glav.css HTTP/1.1" 200 1262 "-" "Mozilla/5.0 (iPhone; CPU iPhone OS 7_0 like Mac OS X) AppleWebKit/537.51.1 (KHTML, like Gecko) Version/7.0 Mobile/11A465 Safari/9537.53 (compatible; bingbot/2.0; +http://www.bing.com/bingbot.htm)"
157.55.39.130 - - [07/Dec/2016:08:02:35 +0200] "GET /left_menu.css HTTP/1.1" 200 1652 "-" "Mozilla/5.0 (iPhone; CPU iPhone OS 7_0 like Mac OS X) AppleWebKit/537.51.1 (KHTML, like Gecko) Version/7.0 Mobile/11A465 Safari/9537.53 (compatible; bingbot/2.0; +http://www.bing.com/bingbot.htm)"
46.202.227.69 - - [07/Dec/2016:08:03:27 +0200] "GET / HTTP/1.1" 200 7656 "https://yandex.ua/maps/org/tsentr_perepidhotovky_ta_pidvyshchennia_kvalifikatsii_kerivnykh_kadriv_ministerstva_dokhodiv_i_zboriv_ukrainy/1013406391?source=wizbiz_new_text_single" "Mozilla/5.0 (Windows NT 10.0; Win64; x64) AppleWebKit/537.36 (KHTML, like Gecko) Chrome/54.0.2840.99 Safari/537.36"
46.202.227.69 - - [07/Dec/2016:08:03:27 +0200] "GET /menu.css HTTP/1.1" 200 2331 "http://www.centre-kiev.kiev.ua/" "Mozilla/5.0 (Windows NT 10.0; Win64; x64) AppleWebKit/537.36 (KHTML, like Gecko) Chrome/54.0.2840.99 Safari/537.36"
46.202.227.69 - - [07/Dec/2016:08:03:27 +0200] "GET /glav.css HTTP/1.1" 200 1262 "http://www.centre-kiev.kiev.ua/" "Mozilla/5.0 (Windows NT 10.0; Win64; x64) AppleWebKit/537.36 (KHTML, like Gecko) Chrome/54.0.2840.99 Safari/537.36"
46.202.227.69 - - [07/Dec/2016:08:03:27 +0200] "GET /css/menu.css HTTP/1.1" 200 2331 "http://www.centre-kiev.kiev.ua/" "Mozilla/5.0 (Windows NT 10.0; Win64; x64) AppleWebKit/537.36 (KHTML, like Gecko) Chrome/54.0.2840.99 Safari/537.36"
46.202.227.69 - - [07/Dec/2016:08:03:27 +0200] "GET //files/vk.png HTTP/1.1" 200 4943 "http://www.centre-kiev.kiev.ua/" "Mozilla/5.0 (Windows NT 10.0; Win64; x64) AppleWebKit/537.36 (KHTML, like Gecko) Chrome/54.0.2840.99 Safari/537.36"
46.202.227.69 - - [07/Dec/2016:08:03:27 +0200] "GET /baner/sta_new_small.jpg HTTP/1.1" 200 14051 "http://www.centre-kiev.kiev.ua/" "Mozilla/5.0 (Windows NT 10.0; Win64; x64) AppleWebKit/537.36 (KHTML, like Gecko) Chrome/54.0.2840.99 Safari/537.36"
46.202.227.69 - - [07/Dec/2016:08:03:28 +0200] "GET /baner/visnuk.gif HTTP/1.1" 200 19709 "http://www.centre-kiev.kiev.ua/" "Mozilla/5.0 (Windows NT 10.0; Win64; x64) AppleWebKit/537.36 (KHTML, like Gecko) Chrome/54.0.2840.99 Safari/537.36"
46.202.227.69 - - [07/Dec/2016:08:03:28 +0200] "GET /bib/img/01.png HTTP/1.1" 200 48198 "http://www.centre-kiev.kiev.ua/" "Mozilla/5.0 (Windows NT 10.0; Win64; x64) AppleWebKit/537.36 (KHTML, like Gecko) Chrome/54.0.2840.99 Safari/537.36"
46.202.227.69 - - [07/Dec/2016:08:03:30 +0200] "GET /baner/logo_cpn.png HTTP/1.1" 200 90792 "http://www.centre-kiev.kiev.ua/" "Mozilla/5.0 (Windows NT 10.0; Win64; x64) AppleWebKit/537.36 (KHTML, like Gecko) Chrome/54.0.2840.99 Safari/537.36"
46.202.227.69 - - [07/Dec/2016:08:03:30 +0200] "GET /im_diz/logo1.jpg HTTP/1.1" 200 125984 "http://www.centre-kiev.kiev.ua/" "Mozilla/5.0 (Windows NT 10.0; Win64; x64) AppleWebKit/537.36 (KHTML, like Gecko) Chrome/54.0.2840.99 Safari/537.36"
46.202.227.69 - - [07/Dec/2016:08:03:30 +0200] "GET /baner/bann_kozyn_new.png HTTP/1.1" 200 34714 "http://www.centre-kiev.kiev.ua/" "Mozilla/5.0 (Windows NT 10.0; Win64; x64) AppleWebKit/537.36 (KHTML, like Gecko) Chrome/54.0.2840.99 Safari/537.36"
46.202.227.69 - - [07/Dec/2016:08:03:36 +0200] "GET /555.jpg HTTP/1.1" 200 937281 "http://www.centre-kiev.kiev.ua/" "Mozilla/5.0 (Windows NT 10.0; Win64; x64) AppleWebKit/537.36 (KHTML, like Gecko) Chrome/54.0.2840.99 Safari/537.36"
66.249.76.23 - - [07/Dec/2016:08:03:43 +0200] "GET /foto/foto%20560x420/504.jpg HTTP/1.1" 200 146960 "-" "Googlebot-Image/1.0"
46.202.227.69 - - [07/Dec/2016:08:03:53 +0200] "GET /info/is.html HTTP/1.1" 200 19633 "http://www.centre-kiev.kiev.ua/" "Mozilla/5.0 (Windows NT 10.0; Win64; x64) AppleWebKit/537.36 (KHTML, like Gecko) Chrome/54.0.2840.99 Safari/537.36"
46.202.227.69 - - [07/Dec/2016:08:04:25 +0200] "GET /dn/dn.html HTTP/1.1" 200 9407 "http://www.centre-kiev.kiev.ua/" "Mozilla/5.0 (Windows NT 10.0; Win64; x64) AppleWebKit/537.36 (KHTML, like Gecko) Chrome/54.0.2840.99 Safari/537.36"
157.55.39.204 - - [07/Dec/2016:08:13:46 +0200] "GET /mz/mz.html HTTP/1.1" 200 13417 "-" "Mozilla/5.0 (iPhone; CPU iPhone OS 7_0 like Mac OS X) AppleWebKit/537.51.1 (KHTML, like Gecko) Version/7.0 Mobile/11A465 Safari/9537.53 (compatible; bingbot/2.0; +http://www.bing.com/bingbot.htm)"
217.76.198.98 - - [07/Dec/2016:08:17:36 +0200] "GET /is/im_diz/im_shapka/f_menu.jpg HTTP/1.0" 404 871 "http://www.centre-kiev.kiev.ua/dn/dn.html" "Mozilla/5.0 (Windows NT 5.1; rv:47.0) Gecko/20100101 Firefox/47.0"
66.249.76.24 - - [07/Dec/2016:08:19:16 +0200] "GET /files/vk.png HTTP/1.0" 200 246 "-" "Googlebot-Image/1.0"
66.249.76.25 - - [07/Dec/2016:08:20:50 +0200] "GET /baner/logo_cpn.png HTTP/1.0" 200 252 "-" "Googlebot-Image/1.0"
130.193.51.7 - - [07/Dec/2016:08:21:14 +0200] "GET / HTTP/1.0" 200 312 "-" "Mozilla/5.0 (compatible; YandexCatalog/3.0; +http://yandex.com/bots)"
178.210.207.40 - - [07/Dec/2016:08:25:12 +0200] "GET /bib/files/nmm/KK16.pdf HTTP/1.0" 200 262 "http://yandex.ua/clck/jsredir?from=yandex.ua%3Bsearch%2F%3Bweb%3B%3B&text=&etext=1262.TXqlnfxMioc1GxPKiz1hkBb2AeCRcVBjBoo2taR2wxdr90JsYILa-aq76HMfoaPY9a7CKXn6Ojri_R03A6R7orOd429mBcO_H8H-E9pYuGeqGj1WU_rdwjkygY6Wl_cR.66d8fa6b54a4d7f0a340c7c63606a55ef61c3aa4&uuid=&state=PEtFfuTeVD5kpHnK9lio9T6U0-imFY5IshtIYWJN7W-V64A9Yd8Kv-PJgis4UdqY898U4_M9m956tHrW-K-B6Sjv1A9XA-GLHkdvgJY7ihU&data=UlNrNmk5WktYejR0eWJFYk1LdmtxbjI0SHcxc2ZLc0lldkhZTThRZExHV01QdTJMSEVVa192N2Q2cTdMSXdOTzNGNlpxaGE2U29MQUVYekxRdnZRQnQwLWR1T3lOdWE4VmtFcDJCUTd4dVh4X29QYndidUF2ZG03WVEzczNkVWR1b3BlZFlLMG5GaDFHRVpTckwycnpR&b64e=2&sign=6ac4492efdfa44cfc5ed9e22f4bd2051&keyno=0&cst=AiuY0DBWFJ4RhQyBNHa0i29CkXKA_V6Ddhykj5WRuv0_Yb826m5R64Bm03eg_aqcf7tYVaesTk4sSZAbU3Gk2UR46asAMdiKObcHxOnmUmZTVv1phD8hwoyIKJWlEE4I_QAP2P4GPbL1hcX4BBbX7kltKdgythCRmf3p6J2-p2nIwj4nCCoML9-u2ddN-jXC70yb2wKfLWihkItFhDM17iNAdEqB_zEDxl4_QqfrbY0pp9KJE5TOTBHKYAMsiS48hdNxHlidf3v5X9fo7kaZbgrEye7-4yay4d765wozHb_cHDR7a6QC7gx6S6gqccy-&ref=orjY4mGPRjmt1xzYuZsDZSKx6sHOF1RVkEePIVfruU7Pm5h7KciF-MmQchKatTAuR_0B0suSy0jt2vrsO76KEOhciNkzA6oYpKmGo3uO5qPgvfoZUhQDx9yewZgx24C5y_s17eSCdCoDzsprhlcAa-VMK4HRhuswlmp-B8tRnppxGymMTXVfHJB3aoz283oN6GyJHJKSE1bzyq-R0P1PPX17xXwEvXj4szhvBFraC8vGhwWr71R4ImJwPAA6jg1LN0Kmry2eSbHYyMGIpqzdVl_GNkV55uPp9D0Qqkju8O-MHlmyNKAdGerOK35TM-RyIMzzKHH7XrQEk5Q5qp7yZjHoG6S91BG_zdEVsngsMqJlsZuAMlOhUz_uUNEHfcU1c5uoDLFi8BYVKQFyZqgetA_aqk83PtSi5kcPRH7MVvlrdeVwvK-suR2unsZPKiMo8vBCThYi4oSi_90L28MsS-9hQiwTNvGgfuTzSeIdieaiPAzHt77sce8KtKVMdVOp3buIQHMOwzlziCn4Cfg_yq8ZBwecJhU_vsxfQ1fNm83WDKsK8yLSBcaO8q1DIrV9hPQuwYzKIV8GDJ2q8bwDoMbAtDfIQNTqJYoLTKE9GCpmGmSRnbprEEprV7-Auv_zXeLJ861fDnQMeQLsjrQ6_rmz2aMIh3k-jAPvZHgISrpsVTs5Up3PjdgCtpZm1CuLENfKoUcuGndnG0ymgukc5eVpMS3ySfOy&l10n=ru&cts=1481078816411&mc=5.299432357856835" "Mozilla/5.0 (Windows NT 5.1) AppleWebKit/537.36 (KHTML, like Gecko) Chrome/53.0.2785.143 YaBrowser/16.10.1.1116 Yowser/2.5 Safari/537.36"
217.69.133.231 - - [07/Dec/2016:08:33:13 +0200] "GET /robots.txt HTTP/1.0" 200 471 "-" "Mozilla/5.0 (compatible; Linux x86_64; Mail.RU_Bot/2.0; +http://go.mail.ru/help/robots)"
157.55.39.42 - - [07/Dec/2016:08:37:31 +0200] "GET /info/155_009.html HTTP/1.0" 404 871 "-" "Mozilla/5.0 (iPhone; CPU iPhone OS 7_0 like Mac OS X) AppleWebKit/537.51.1 (KHTML, like Gecko) Version/7.0 Mobile/11A465 Safari/9537.53 (compatible; bingbot/2.0; +http://www.bing.com/bingbot.htm)"
91.226.187.246 - - [07/Dec/2016:08:41:11 +0200] "GET / HTTP/1.0" 200 312 "http://www.cpn.gov.ua/index.html" "Mozilla/5.0 (Windows NT 6.1) AppleWebKit/537.36 (KHTML, like Gecko) Chrome/54.0.2840.99 Safari/537.36"
91.226.187.246 - - [07/Dec/2016:08:41:11 +0200] "GET /menu.css HTTP/1.0" 200 309 "http://centre-kiev.kiev.ua/" "Mozilla/5.0 (Windows NT 6.1) AppleWebKit/537.36 (KHTML, like Gecko) Chrome/54.0.2840.99 Safari/537.36"
91.226.187.246 - - [07/Dec/2016:08:41:11 +0200] "GET /glav.css HTTP/1.0" 200 309 "http://centre-kiev.kiev.ua/" "Mozilla/5.0 (Windows NT 6.1) AppleWebKit/537.36 (KHTML, like Gecko) Chrome/54.0.2840.99 Safari/537.36"
91.226.187.246 - - [07/Dec/2016:08:41:11 +0200] "GET /css/menu.css HTTP/1.0" 200 313 "http://centre-kiev.kiev.ua/" "Mozilla/5.0 (Windows NT 6.1) AppleWebKit/537.36 (KHTML, like Gecko) Chrome/54.0.2840.99 Safari/537.36"
91.226.187.246 - - [07/Dec/2016:08:41:11 +0200] "GET /css/layout.css HTTP/1.0" 200 511 "http://centre-kiev.kiev.ua/" "Mozilla/5.0 (Windows NT 6.1) AppleWebKit/537.36 (KHTML, like Gecko) Chrome/54.0.2840.99 Safari/537.36"
91.226.187.246 - - [07/Dec/2016:08:41:11 +0200] "GET /baner/logo_cpn.png HTTP/1.0" 200 252 "http://centre-kiev.kiev.ua/" "Mozilla/5.0 (Windows NT 6.1) AppleWebKit/537.36 (KHTML, like Gecko) Chrome/54.0.2840.99 Safari/537.36"
91.226.187.246 - - [07/Dec/2016:08:41:11 +0200] "GET /baner/visnuk.gif HTTP/1.0" 200 250 "http://centre-kiev.kiev.ua/" "Mozilla/5.0 (Windows NT 6.1) AppleWebKit/537.36 (KHTML, like Gecko) Chrome/54.0.2840.99 Safari/537.36"
91.226.187.246 - - [07/Dec/2016:08:41:11 +0200] "GET //files/vk.png HTTP/1.0" 200 246 "http://centre-kiev.kiev.ua/" "Mozilla/5.0 (Windows NT 6.1) AppleWebKit/537.36 (KHTML, like Gecko) Chrome/54.0.2840.99 Safari/537.36"
91.226.187.246 - - [07/Dec/2016:08:41:11 +0200] "GET /555.jpg HTTP/1.0" 200 242 "http://centre-kiev.kiev.ua/" "Mozilla/5.0 (Windows NT 6.1) AppleWebKit/537.36 (KHTML, like Gecko) Chrome/54.0.2840.99 Safari/537.36"
91.226.187.246 - - [07/Dec/2016:08:41:11 +0200] "GET /baner/bann_kozyn_new.png HTTP/1.0" 200 258 "http://centre-kiev.kiev.ua/" "Mozilla/5.0 (Windows NT 6.1) AppleWebKit/537.36 (KHTML, like Gecko) Chrome/54.0.2840.99 Safari/537.36"
91.226.187.246 - - [07/Dec/2016:08:41:11 +0200] "GET /im_diz/logo1.jpg HTTP/1.0" 200 251 "http://centre-kiev.kiev.ua/" "Mozilla/5.0 (Windows NT 6.1) AppleWebKit/537.36 (KHTML, like Gecko) Chrome/54.0.2840.99 Safari/537.36"
91.226.187.246 - - [07/Dec/2016:08:41:11 +0200] "GET /baner/sta_new_small.jpg HTTP/1.0" 200 258 "http://centre-kiev.kiev.ua/" "Mozilla/5.0 (Windows NT 6.1) AppleWebKit/537.36 (KHTML, like Gecko) Chrome/54.0.2840.99 Safari/537.36"
91.226.187.246 - - [07/Dec/2016:08:41:11 +0200] "GET /bib/img/01.png HTTP/1.0" 200 248 "http://centre-kiev.kiev.ua/" "Mozilla/5.0 (Windows NT 6.1) AppleWebKit/537.36 (KHTML, like Gecko) Chrome/54.0.2840.99 Safari/537.36"
91.226.187.246 - - [07/Dec/2016:08:41:13 +0200] "GET /favicon.ico HTTP/1.0" 200 1233 "http://centre-kiev.kiev.ua/" "Mozilla/5.0 (Windows NT 6.1) AppleWebKit/537.36 (KHTML, like Gecko) Chrome/54.0.2840.99 Safari/537.36"
91.226.187.246 - - [07/Dec/2016:08:41:32 +0200] "GET /keriv/kr.html HTTP/1.0" 200 315 "http://centre-kiev.kiev.ua/" "Mozilla/5.0 (Windows NT 6.1) AppleWebKit/537.36 (KHTML, like Gecko) Chrome/54.0.2840.99 Safari/537.36"
91.226.187.246 - - [07/Dec/2016:08:41:32 +0200] "GET /keriv/css/menu.css HTTP/1.0" 404 871 "http://centre-kiev.kiev.ua/keriv/kr.html" "Mozilla/5.0 (Windows NT 6.1) AppleWebKit/537.36 (KHTML, like Gecko) Chrome/54.0.2840.99 Safari/537.36"
91.226.187.246 - - [07/Dec/2016:08:41:32 +0200] "GET /keriv/css/layout.css HTTP/1.0" 404 871 "http://centre-kiev.kiev.ua/keriv/kr.html" "Mozilla/5.0 (Windows NT 6.1) AppleWebKit/537.36 (KHTML, like Gecko) Chrome/54.0.2840.99 Safari/537.36"
91.226.187.246 - - [07/Dec/2016:08:41:32 +0200] "GET //kontakt/121.jpg HTTP/1.0" 200 250 "http://centre-kiev.kiev.ua/keriv/kr.html" "Mozilla/5.0 (Windows NT 6.1) AppleWebKit/537.36 (KHTML, like Gecko) Chrome/54.0.2840.99 Safari/537.36"
157.55.39.42 - - [07/Dec/2016:08:42:09 +0200] "GET /info/155_001.html HTTP/1.0" 404 871 "-" "Mozilla/5.0 (iPhone; CPU iPhone OS 7_0 like Mac OS X) AppleWebKit/537.51.1 (KHTML, like Gecko) Version/7.0 Mobile/11A465 Safari/9537.53 (compatible; bingbot/2.0; +http://www.bing.com/bingbot.htm)"
95.132.27.178 - - [07/Dec/2016:08:42:12 +0200] "GET /mz/mz.html HTTP/1.0" 200 312 "http://centre-kiev.kiev.ua/keriv/kr.html" "Mozilla/5.0 (Windows NT 6.1) AppleWebKit/537.36 (KHTML, like Gecko) Chrome/54.0.2840.99 Safari/537.36"
95.132.27.178 - - [07/Dec/2016:08:42:12 +0200] "GET /mz/css/layout.css HTTP/1.0" 404 871 "http://centre-kiev.kiev.ua/mz/mz.html" "Mozilla/5.0 (Windows NT 6.1) AppleWebKit/537.36 (KHTML, like Gecko) Chrome/54.0.2840.99 Safari/537.36"
95.132.27.178 - - [07/Dec/2016:08:42:12 +0200] "GET /mz/css/menu.css HTTP/1.0" 404 871 "http://centre-kiev.kiev.ua/mz/mz.html" "Mozilla/5.0 (Windows NT 6.1) AppleWebKit/537.36 (KHTML, like Gecko) Chrome/54.0.2840.99 Safari/537.36"
95.132.27.178 - - [07/Dec/2016:08:42:18 +0200] "GET /keriv/css/layout.css HTTP/1.0" 404 871 "http://centre-kiev.kiev.ua/keriv/kr.html" "Mozilla/5.0 (Windows NT 6.1) AppleWebKit/537.36 (KHTML, like Gecko) Chrome/54.0.2840.99 Safari/537.36"
95.132.27.178 - - [07/Dec/2016:08:42:18 +0200] "GET /keriv/css/menu.css HTTP/1.0" 404 871 "http://centre-kiev.kiev.ua/keriv/kr.html" "Mozilla/5.0 (Windows NT 6.1) AppleWebKit/537.36 (KHTML, like Gecko) Chrome/54.0.2840.99 Safari/537.36"
66.249.76.25 - - [07/Dec/2016:08:42:20 +0200] "GET /centre1.JPG HTTP/1.0" 200 246 "-" "Googlebot-Image/1.0"
95.132.27.178 - - [07/Dec/2016:08:42:30 +0200] "GET /foto/foto.html HTTP/1.0" 200 316 "http://centre-kiev.kiev.ua/keriv/kr.html" "Mozilla/5.0 (Windows NT 6.1) AppleWebKit/537.36 (KHTML, like Gecko) Chrome/54.0.2840.99 Safari/537.36"
95.132.27.178 - - [07/Dec/2016:08:42:30 +0200] "GET /foto/css/layout.css HTTP/1.0" 404 871 "http://centre-kiev.kiev.ua/foto/foto.html" "Mozilla/5.0 (Windows NT 6.1) AppleWebKit/537.36 (KHTML, like Gecko) Chrome/54.0.2840.99 Safari/537.36"
95.132.27.178 - - [07/Dec/2016:08:42:30 +0200] "GET /foto/css/menu.css HTTP/1.0" 404 871 "http://centre-kiev.kiev.ua/foto/foto.html" "Mozilla/5.0 (Windows NT 6.1) AppleWebKit/537.36 (KHTML, like Gecko) Chrome/54.0.2840.99 Safari/537.36"
95.132.27.178 - - [07/Dec/2016:08:42:30 +0200] "GET /foto/034.JPG HTTP/1.0" 200 247 "http://centre-kiev.kiev.ua/foto/foto.html" "Mozilla/5.0 (Windows NT 6.1) AppleWebKit/537.36 (KHTML, like Gecko) Chrome/54.0.2840.99 Safari/537.36"
95.132.27.178 - - [07/Dec/2016:08:42:30 +0200] "GET /foto/033.JPG HTTP/1.0" 200 247 "http://centre-kiev.kiev.ua/foto/foto.html" "Mozilla/5.0 (Windows NT 6.1) AppleWebKit/537.36 (KHTML, like Gecko) Chrome/54.0.2840.99 Safari/537.36"
95.132.27.178 - - [07/Dec/2016:08:42:30 +0200] "GET /foto/018.JPG HTTP/1.0" 200 247 "http://centre-kiev.kiev.ua/foto/foto.html" "Mozilla/5.0 (Windows NT 6.1) AppleWebKit/537.36 (KHTML, like Gecko) Chrome/54.0.2840.99 Safari/537.36"
95.132.27.178 - - [07/Dec/2016:08:42:30 +0200] "GET /foto/013.JPG HTTP/1.0" 200 247 "http://centre-kiev.kiev.ua/foto/foto.html" "Mozilla/5.0 (Windows NT 6.1) AppleWebKit/537.36 (KHTML, like Gecko) Chrome/54.0.2840.99 Safari/537.36"
95.132.27.178 - - [07/Dec/2016:08:42:30 +0200] "GET /foto/026.JPG HTTP/1.0" 200 247 "http://centre-kiev.kiev.ua/foto/foto.html" "Mozilla/5.0 (Windows NT 6.1) AppleWebKit/537.36 (KHTML, like Gecko) Chrome/54.0.2840.99 Safari/537.36"
95.132.27.178 - - [07/Dec/2016:08:42:30 +0200] "GET /foto/020.JPG HTTP/1.0" 200 247 "http://centre-kiev.kiev.ua/foto/foto.html" "Mozilla/5.0 (Windows NT 6.1) AppleWebKit/537.36 (KHTML, like Gecko) Chrome/54.0.2840.99 Safari/537.36"
95.132.27.178 - - [07/Dec/2016:08:42:31 +0200] "GET /foto/015.JPG HTTP/1.0" 200 247 "http://centre-kiev.kiev.ua/foto/foto.html" "Mozilla/5.0 (Windows NT 6.1) AppleWebKit/537.36 (KHTML, like Gecko) Chrome/54.0.2840.99 Safari/537.36"
95.132.27.178 - - [07/Dec/2016:08:42:31 +0200] "GET /foto/022.JPG HTTP/1.0" 200 247 "http://centre-kiev.kiev.ua/foto/foto.html" "Mozilla/5.0 (Windows NT 6.1) AppleWebKit/537.36 (KHTML, like Gecko) Chrome/54.0.2840.99 Safari/537.36"
95.132.27.178 - - [07/Dec/2016:08:42:31 +0200] "GET /foto/07.JPG HTTP/1.0" 200 246 "http://centre-kiev.kiev.ua/foto/foto.html" "Mozilla/5.0 (Windows NT 6.1) AppleWebKit/537.36 (KHTML, like Gecko) Chrome/54.0.2840.99 Safari/537.36"
95.132.27.178 - - [07/Dec/2016:08:42:31 +0200] "GET /foto/019.JPG HTTP/1.0" 200 247 "http://centre-kiev.kiev.ua/foto/foto.html" "Mozilla/5.0 (Windows NT 6.1) AppleWebKit/537.36 (KHTML, like Gecko) Chrome/54.0.2840.99 Safari/537.36"
95.132.27.178 - - [07/Dec/2016:08:42:32 +0200] "GET /foto/02.JPG HTTP/1.0" 200 246 "http://centre-kiev.kiev.ua/foto/foto.html" "Mozilla/5.0 (Windows NT 6.1) AppleWebKit/537.36 (KHTML, like Gecko) Chrome/54.0.2840.99 Safari/537.36"
